Archive member included to satisfy reference by file (symbol)

C:/ST/STM32CubeIDE_1.16.0/STM32CubeIDE/plugins/com.st.stm32cube.ide.mcu.externaltools.gnu-tools-for-stm32.12.3.rel1.win32_1.0.200.202406191623/tools/bin/../lib/gcc/arm-none-eabi/12.3.1/../../../../arm-none-eabi/lib/thumb/v7e-m+dp/hard\libc_nano.a(libc_a-printf.o)
                              ./Src/Loader_Src.o (printf)
C:/ST/STM32CubeIDE_1.16.0/STM32CubeIDE/plugins/com.st.stm32cube.ide.mcu.externaltools.gnu-tools-for-stm32.12.3.rel1.win32_1.0.200.202406191623/tools/bin/../lib/gcc/arm-none-eabi/12.3.1/../../../../arm-none-eabi/lib/thumb/v7e-m+dp/hard\libc_nano.a(libc_a-puts.o)
                              ./Src/qspi_IS25LP128D.o (puts)
C:/ST/STM32CubeIDE_1.16.0/STM32CubeIDE/plugins/com.st.stm32cube.ide.mcu.externaltools.gnu-tools-for-stm32.12.3.rel1.win32_1.0.200.202406191623/tools/bin/../lib/gcc/arm-none-eabi/12.3.1/../../../../arm-none-eabi/lib/thumb/v7e-m+dp/hard\libc_nano.a(libc_a-wbuf.o)
                              C:/ST/STM32CubeIDE_1.16.0/STM32CubeIDE/plugins/com.st.stm32cube.ide.mcu.externaltools.gnu-tools-for-stm32.12.3.rel1.win32_1.0.200.202406191623/tools/bin/../lib/gcc/arm-none-eabi/12.3.1/../../../../arm-none-eabi/lib/thumb/v7e-m+dp/hard\libc_nano.a(libc_a-puts.o) (__swbuf_r)
C:/ST/STM32CubeIDE_1.16.0/STM32CubeIDE/plugins/com.st.stm32cube.ide.mcu.externaltools.gnu-tools-for-stm32.12.3.rel1.win32_1.0.200.202406191623/tools/bin/../lib/gcc/arm-none-eabi/12.3.1/../../../../arm-none-eabi/lib/thumb/v7e-m+dp/hard\libc_nano.a(libc_a-wsetup.o)
                              C:/ST/STM32CubeIDE_1.16.0/STM32CubeIDE/plugins/com.st.stm32cube.ide.mcu.externaltools.gnu-tools-for-stm32.12.3.rel1.win32_1.0.200.202406191623/tools/bin/../lib/gcc/arm-none-eabi/12.3.1/../../../../arm-none-eabi/lib/thumb/v7e-m+dp/hard\libc_nano.a(libc_a-puts.o) (__swsetup_r)
C:/ST/STM32CubeIDE_1.16.0/STM32CubeIDE/plugins/com.st.stm32cube.ide.mcu.externaltools.gnu-tools-for-stm32.12.3.rel1.win32_1.0.200.202406191623/tools/bin/../lib/gcc/arm-none-eabi/12.3.1/../../../../arm-none-eabi/lib/thumb/v7e-m+dp/hard\libc_nano.a(libc_a-memset.o)
                              ./Src/Loader_Src.o (memset)
C:/ST/STM32CubeIDE_1.16.0/STM32CubeIDE/plugins/com.st.stm32cube.ide.mcu.externaltools.gnu-tools-for-stm32.12.3.rel1.win32_1.0.200.202406191623/tools/bin/../lib/gcc/arm-none-eabi/12.3.1/../../../../arm-none-eabi/lib/thumb/v7e-m+dp/hard\libc_nano.a(libc_a-impure.o)
                              C:/ST/STM32CubeIDE_1.16.0/STM32CubeIDE/plugins/com.st.stm32cube.ide.mcu.externaltools.gnu-tools-for-stm32.12.3.rel1.win32_1.0.200.202406191623/tools/bin/../lib/gcc/arm-none-eabi/12.3.1/../../../../arm-none-eabi/lib/thumb/v7e-m+dp/hard\libc_nano.a(libc_a-printf.o) (_impure_ptr)
C:/ST/STM32CubeIDE_1.16.0/STM32CubeIDE/plugins/com.st.stm32cube.ide.mcu.externaltools.gnu-tools-for-stm32.12.3.rel1.win32_1.0.200.202406191623/tools/bin/../lib/gcc/arm-none-eabi/12.3.1/../../../../arm-none-eabi/lib/thumb/v7e-m+dp/hard\libc_nano.a(libc_a-errno.o)
                              ./Src/syscalls.o (__errno)
C:/ST/STM32CubeIDE_1.16.0/STM32CubeIDE/plugins/com.st.stm32cube.ide.mcu.externaltools.gnu-tools-for-stm32.12.3.rel1.win32_1.0.200.202406191623/tools/bin/../lib/gcc/arm-none-eabi/12.3.1/../../../../arm-none-eabi/lib/thumb/v7e-m+dp/hard\libc_nano.a(libc_a-init.o)
                              ./Startup/startup_stm32h743iitx.o (__libc_init_array)
C:/ST/STM32CubeIDE_1.16.0/STM32CubeIDE/plugins/com.st.stm32cube.ide.mcu.externaltools.gnu-tools-for-stm32.12.3.rel1.win32_1.0.200.202406191623/tools/bin/../lib/gcc/arm-none-eabi/12.3.1/../../../../arm-none-eabi/lib/thumb/v7e-m+dp/hard\libc_nano.a(libc_a-lock.o)
                              C:/ST/STM32CubeIDE_1.16.0/STM32CubeIDE/plugins/com.st.stm32cube.ide.mcu.externaltools.gnu-tools-for-stm32.12.3.rel1.win32_1.0.200.202406191623/tools/bin/../lib/gcc/arm-none-eabi/12.3.1/../../../../arm-none-eabi/lib/thumb/v7e-m+dp/hard\libc_nano.a(libc_a-puts.o) (__retarget_lock_acquire_recursive)
C:/ST/STM32CubeIDE_1.16.0/STM32CubeIDE/plugins/com.st.stm32cube.ide.mcu.externaltools.gnu-tools-for-stm32.12.3.rel1.win32_1.0.200.202406191623/tools/bin/../lib/gcc/arm-none-eabi/12.3.1/../../../../arm-none-eabi/lib/thumb/v7e-m+dp/hard\libc_nano.a(libc_a-freer.o)
                              C:/ST/STM32CubeIDE_1.16.0/STM32CubeIDE/plugins/com.st.stm32cube.ide.mcu.externaltools.gnu-tools-for-stm32.12.3.rel1.win32_1.0.200.202406191623/tools/bin/../lib/gcc/arm-none-eabi/12.3.1/../../../../arm-none-eabi/lib/thumb/v7e-m+dp/hard\libc_nano.a(libc_a-wsetup.o) (_free_r)
C:/ST/STM32CubeIDE_1.16.0/STM32CubeIDE/plugins/com.st.stm32cube.ide.mcu.externaltools.gnu-tools-for-stm32.12.3.rel1.win32_1.0.200.202406191623/tools/bin/../lib/gcc/arm-none-eabi/12.3.1/../../../../arm-none-eabi/lib/thumb/v7e-m+dp/hard\libc_nano.a(libc_a-mallocr.o)
[...]
Memory Configuration

Name             Origin             Length             Attributes
RAM_D1           0x24000004         0x00080000         xrw
*default*        0x00000000         0xffffffff

Linker script and memory map

LOAD ./Drivers/STM32H7xx_HAL_Driver/Src/stm32h7xx_hal.o
LOAD ./Drivers/STM32H7xx_HAL_Driver/Src/stm32h7xx_hal_cortex.o
LOAD ./Drivers/STM32H7xx_HAL_Driver/Src/stm32h7xx_hal_dma.o
LOAD ./Drivers/STM32H7xx_HAL_Driver/Src/stm32h7xx_hal_dma_ex.o
LOAD ./Drivers/STM32H7xx_HAL_Driver/Src/stm32h7xx_hal_exti.o
LOAD ./Drivers/STM32H7xx_HAL_Driver/Src/stm32h7xx_hal_flash.o
LOAD ./Drivers/STM32H7xx_HAL_Driver/Src/stm32h7xx_hal_flash_ex.o
LOAD ./Drivers/STM32H7xx_HAL_Driver/Src/stm32h7xx_hal_gpio.o
LOAD ./Drivers/STM32H7xx_HAL_Driver/Src/stm32h7xx_hal_hsem.o
LOAD ./Drivers/STM32H7xx_HAL_Driver/Src/stm32h7xx_hal_i2c.o
LOAD ./Drivers/STM32H7xx_HAL_Driver/Src/stm32h7xx_hal_i2c_ex.o
LOAD ./Drivers/STM32H7xx_HAL_Driver/Src/stm32h7xx_hal_mdma.o
LOAD ./Drivers/STM32H7xx_HAL_Driver/Src/stm32h7xx_hal_pwr.o
LOAD ./Drivers/STM32H7xx_HAL_Driver/Src/stm32h7xx_hal_pwr_ex.o
LOAD ./Drivers/STM32H7xx_HAL_Driver/Src/stm32h7xx_hal_qspi.o
LOAD ./Drivers/STM32H7xx_HAL_Driver/Src/stm32h7xx_hal_rcc.o
LOAD ./Drivers/STM32H7xx_HAL_Driver/Src/stm32h7xx_hal_rcc_ex.o
LOAD ./Drivers/STM32H7xx_HAL_Driver/Src/stm32h7xx_hal_tim.o
LOAD ./Drivers/STM32H7xx_HAL_Driver/Src/stm32h7xx_hal_tim_ex.o
LOAD ./Drivers/STM32H7xx_HAL_Driver/Src/stm32h7xx_hal_uart.o
LOAD ./Drivers/STM32H7xx_HAL_Driver/Src/stm32h7xx_hal_uart_ex.o
LOAD ./Drivers/STM32H7xx_HAL_Driver/Src/stm32h7xx_hal_usart.o
LOAD ./Drivers/STM32H7xx_HAL_Driver/Src/stm32h7xx_hal_usart_ex.o
LOAD ./Src/Dev_Inf.o
LOAD ./Src/Loader_Src.o
LOAD ./Src/qspi_IS25LP128D.o
LOAD ./Src/stm32h7xx_hal_msp.o
LOAD ./Src/stm32h7xx_it.o
LOAD ./Src/syscalls.o
LOAD ./Src/system_stm32h7xx.o
LOAD ./Src/uart.o
LOAD ./Startup/startup_stm32h743iitx.o
START GROUP
LOAD C:/ST/STM32CubeIDE_1.16.0/STM32CubeIDE/plugins/com.st.stm32cube.ide.mcu.externaltools.gnu-tools-for-stm32.12.3.rel1.win32_1.0.200.202406191623/tools/bin/../lib/gcc/arm-none-eabi/12.3.1/../../../../arm-none-eabi/lib/thumb/v7e-m+dp/hard\libc_nano.a
LOAD C:/ST/STM32CubeIDE_1.16.0/STM32CubeIDE/plugins/com.st.stm32cube.ide.mcu.externaltools.gnu-tools-for-stm32.12.3.rel1.win32_1.0.200.202406191623/tools/bin/../lib/gcc/arm-none-eabi/12.3.1/../../../../arm-none-eabi/lib/thumb/v7e-m+dp/hard\libm.a
END GROUP
                0x00000000                        PROVIDE (_init = 0x0)
                [!provide]                        PROVIDE (_fini = 0x0)
                0x24080004                        _estack = (ORIGIN (RAM_D1) + LENGTH (RAM_D1))
                0x00000400                        _Min_Heap_Size = 0x400
                0x00000600                        _Min_Stack_Size = 0x600

.isr_vector     0x24000004      0x494
                0x24000200                        . = (. + 0x1fc)
 *fill*         0x24000004      0x1fc 
                0x24000200                        . = ALIGN (0x4)
 *(.isr_vector)
 .isr_vector    0x24000200      0x298 ./Startup/startup_stm32h743iitx.o
                0x24000200                g_pfnVectors
                0x24000498                        . = ALIGN (0x4)

.ARM.extab      0x24000498        0x0
 *(.ARM.extab* .gnu.linkonce.armextab.*)
 .ARM.extab     0x24000498        0x0 C:/ST/STM32CubeIDE_1.16.0/STM32CubeIDE/plugins/com.st.stm32cube.ide.mcu.externaltools.gnu-tools-for-stm32.12.3.rel1.win32_1.0.200.202406191623/tools/bin/../lib/gcc/arm-none-eabi/12.3.1/../../../../arm-none-eabi/lib/thumb/v7e-m+dp/hard\libc_nano.a(libc_a-memchr.o)

.ARM            0x24000498        0x8
                0x24000498                        __exidx_start = .
 *(.ARM.exidx*)
 .ARM.exidx     0x24000498        0x8 C:/ST/STM32CubeIDE_1.16.0/STM32CubeIDE/plugins/com.st.stm32cube.ide.mcu.externaltools.gnu-tools-for-stm32.12.3.rel1.win32_1.0.200.202406191623/tools/bin/../lib/gcc/arm-none-eabi/12.3.1/../../../../arm-none-eabi/lib/thumb/v7e-m+dp/hard\libc_nano.a(libc_a-memchr.o)
                0x240004a0                        __exidx_end = .

.preinit_array  0x240004a0        0x0
                0x240004a0                        PROVIDE (__preinit_array_start = .)
 *(.preinit_array*)
                0x240004a0                        PROVIDE (__preinit_array_end = .)

.init_array     0x240004a0        0x0
                0x240004a0                        PROVIDE (__init_array_start = .)
 *(SORT_BY_NAME(.init_array.*))
 *(.init_array*)
                0x240004a0                        PROVIDE (__init_array_end = .)

.fini_array     0x240004a0        0x0
                [!provide]                        PROVIDE (__fini_array_start = .)
 *(SORT_BY_NAME(.fini_array.*))
 *(.fini_array*)
                [!provide]                        PROVIDE (__fini_array_end = .)
                0x240004a0                        _sidata = LOADADDR (.data)

.data           0x240004a0       0xd8
                0x240004a0                        . = ALIGN (0x4)
                0x240004a0                        _sdata = .
 *(.data)
 .data          0x240004a0        0x8 ./Drivers/STM32H7xx_HAL_Driver/Src/stm32h7xx_hal.o
                0x240004a0                uwTickFreq
                0x240004a4                uwTickPrio
 .data          0x240004a8        0x0 ./Drivers/STM32H7xx_HAL_Driver/Src/stm32h7xx_hal_cortex.o
 .data          0x240004a8        0x0 ./Drivers/STM32H7xx_HAL_Driver/Src/stm32h7xx_hal_dma.o
 .data          0x240004a8        0x0 ./Drivers/STM32H7xx_HAL_Driver/Src/stm32h7xx_hal_dma_ex.o
 .data          0x240004a8        0x0 ./Drivers/STM32H7xx_HAL_Driver/Src/stm32h7xx_hal_exti.o
 .data          0x240004a8        0x0 ./Drivers/STM32H7xx_HAL_Driver/Src/stm32h7xx_hal_flash.o
 .data          0x240004a8        0x0 ./Drivers/STM32H7xx_HAL_Driver/Src/stm32h7xx_hal_flash_ex.o
 .data          0x240004a8        0x0 ./Drivers/STM32H7xx_HAL_Driver/Src/stm32h7xx_hal_gpio.o
 .data          0x240004a8        0x0 ./Drivers/STM32H7xx_HAL_Driver/Src/stm32h7xx_hal_hsem.o
 .data          0x240004a8        0x0 ./Drivers/STM32H7xx_HAL_Driver/Src/stm32h7xx_hal_i2c.o
 .data          0x240004a8        0x0 ./Drivers/STM32H7xx_HAL_Driver/Src/stm32h7xx_hal_i2c_ex.o
 .data          0x240004a8        0x0 ./Drivers/STM32H7xx_HAL_Driver/Src/stm32h7xx_hal_mdma.o
 .data          0x240004a8        0x0 ./Drivers/STM32H7xx_HAL_Driver/Src/stm32h7xx_hal_pwr.o
 .data          0x240004a8        0x0 ./Drivers/STM32H7xx_HAL_Driver/Src/stm32h7xx_hal_pwr_ex.o
 .data          0x240004a8        0x0 ./Drivers/STM32H7xx_HAL_Driver/Src/stm32h7xx_hal_qspi.o
 .data          0x240004a8        0x0 ./Drivers/STM32H7xx_HAL_Driver/Src/stm32h7xx_hal_rcc.o
 .data          0x240004a8        0x0 ./Drivers/STM32H7xx_HAL_Driver/Src/stm32h7xx_hal_rcc_ex.o
 .data          0x240004a8        0x0 ./Drivers/STM32H7xx_HAL_Driver/Src/stm32h7xx_hal_tim.o
 .data          0x240004a8        0x0 ./Drivers/STM32H7xx_HAL_Driver/Src/stm32h7xx_hal_tim_ex.o
 .data          0x240004a8        0x0 ./Drivers/STM32H7xx_HAL_Driver/Src/stm32h7xx_hal_uart.o
 .data          0x240004a8        0x0 ./Drivers/STM32H7xx_HAL_Driver/Src/stm32h7xx_hal_uart_ex.o
 .data          0x240004a8        0x0 ./Drivers/STM32H7xx_HAL_Driver/Src/stm32h7xx_hal_usart.o
 .data          0x240004a8        0x0 ./Drivers/STM32H7xx_HAL_Driver/Src/stm32h7xx_hal_usart_ex.o
 .data          0x240004a8        0x0 ./Src/Dev_Inf.o
 .data          0x240004a8       0x68 ./Src/Loader_Src.o
                0x240004a8                PLL1_conf
                0x240004d0                PLL3_conf
                0x240004f0                PLL2_conf
 .data          0x24000510        0x0 ./Src/qspi_IS25LP128D.o
 .data          0x24000510        0x0 ./Src/stm32h7xx_hal_msp.o
 .data          0x24000510        0x0 ./Src/stm32h7xx_it.o
 .data          0x24000510        0x4 ./Src/syscalls.o
                0x24000510                environ
 .data          0x24000514        0x8 ./Src/system_stm32h7xx.o
                0x24000514                SystemD2Clock
                0x24000518                SystemCoreClock
 .data          0x2400051c        0x0 ./Src/uart.o
 .data          0x2400051c        0x0 ./Startup/startup_stm32h743iitx.o
 .data          0x2400051c        0x0 C:/ST/STM32CubeIDE_1.16.0/STM32CubeIDE/plugins/com.st.stm32cube.ide.mcu.externaltools.gnu-tools-for-stm32.12.3.rel1.win32_1.0.200.202406191623/tools/bin/../lib/gcc/arm-none-eabi/12.3.1/../../../../arm-none-eabi/lib/thumb/v7e-m+dp/hard\libc_nano.a(libc_a-printf.o)
 .data          0x2400051c        0x0 C:/ST/STM32CubeIDE_1.16.0/STM32CubeIDE/plugins/com.st.stm32cube.ide.mcu.externaltools.gnu-tools-for-stm32.12.3.rel1.win32_1.0.200.202406191623/tools/bin/../lib/gcc/arm-none-eabi/12.3.1/../../../../arm-none-eabi/lib/thumb/v7e-m+dp/hard\libc_nano.a(libc_a-puts.o)
 .data          0x2400051c        0x0 C:/ST/STM32CubeIDE_1.16.0/STM32CubeIDE/plugins/com.st.stm32cube.ide.mcu.externaltools.gnu-tools-for-stm32.12.3.rel1.win32_1.0.200.202406191623/tools/bin/../lib/gcc/arm-none-eabi/12.3.1/../../../../arm-none-eabi/lib/thumb/v7e-m+dp/hard\libc_nano.a(libc_a-wbuf.o)
 .data          0x2400051c        0x0 C:/ST/STM32CubeIDE_1.16.0/STM32CubeIDE/plugins/com.st.stm32cube.ide.mcu.externaltools.gnu-tools-for-stm32.12.3.rel1.win32_1.0.200.202406191623/tools/bin/../lib/gcc/arm-none-eabi/12.3.1/../../../../arm-none-eabi/lib/thumb/v7e-m+dp/hard\libc_nano.a(libc_a-wsetup.o)
 .data          0x2400051c        0x0 C:/ST/STM32CubeIDE_1.16.0/STM32CubeIDE/plugins/com.st.stm32cube.ide.mcu.externaltools.gnu-tools-for-stm32.12.3.rel1.win32_1.0.200.202406191623/tools/bin/../lib/gcc/arm-none-eabi/12.3.1/../../../../arm-none-eabi/lib/thumb/v7e-m+dp/hard\libc_nano.a(libc_a-memset.o)
 .data          0x2400051c        0x0 C:/ST/STM32CubeIDE_1.16.0/STM32CubeIDE/plugins/com.st.stm32cube.ide.mcu.externaltools.gnu-tools-for-stm32.12.3.rel1.win32_1.0.200.202406191623/tools/bin/../lib/gcc/arm-none-eabi/12.3.1/../../../../arm-none-eabi/lib/thumb/v7e-m+dp/hard\libc_nano.a(libc_a-impure.o)
 .data          0x2400051c        0x0 C:/ST/STM32CubeIDE_1.16.0/STM32CubeIDE/plugins/com.st.stm32cube.ide.mcu.externaltools.gnu-tools-for-stm32.12.3.rel1.win32_1.0.200.202406191623/tools/bin/../lib/gcc/arm-none-eabi/12.3.1/../../../../arm-none-eabi/lib/thumb/v7e-m+dp/hard\libc_nano.a(libc_a-errno.o)
 .data          0x2400051c        0x0 C:/ST/STM32CubeIDE_1.16.0/STM32CubeIDE/plugins/com.st.stm32cube.ide.mcu.externaltools.gnu-tools-for-stm32.12.3.rel1.win32_1.0.200.202406191623/tools/bin/../lib/gcc/arm-none-eabi/12.3.1/../../../../arm-none-eabi/lib/thumb/v7e-m+dp/hard\libc_nano.a(libc_a-init.o)
 .data          0x2400051c        0x0 C:/ST/STM32CubeIDE_1.16.0/STM32CubeIDE/plugins/com.st.stm32cube.ide.mcu.externaltools.gnu-tools-for-stm32.12.3.rel1.win32_1.0.200.202406191623/tools/bin/../lib/gcc/arm-none-eabi/12.3.1/../../../../arm-none-eabi/lib/thumb/v7e-m+dp/hard\libc_nano.a(libc_a-lock.o)
 .data          0x2400051c        0x0 C:/ST/STM32CubeIDE_1.16.0/STM32CubeIDE/plugins/com.st.stm32cube.ide.mcu.externaltools.gnu-tools-for-stm32.12.3.rel1.win32_1.0.200.202406191623/tools/bin/../lib/gcc/arm-none-eabi/12.3.1/../../../../arm-none-eabi/lib/thumb/v7e-m+dp/hard\libc_nano.a(libc_a-freer.o)
 .data          0x2400051c        0x0 C:/ST/STM32CubeIDE_1.16.0/STM32CubeIDE/plugins/com.st.stm32cube.ide.mcu.externaltools.gnu-tools-for-stm32.12.3.rel1.win32_1.0.200.202406191623/tools/bin/../lib/gcc/arm-none-eabi/12.3.1/../../../../arm-none-eabi/lib/thumb/v7e-m+dp/hard\libc_nano.a(libc_a-mallocr.o)
 .data          0x2400051c        0x0 C:/ST/STM32CubeIDE_1.16.0/STM32CubeIDE/plugins/com.st.stm32cube.ide.mcu.externaltools.gnu-tools-for-stm32.12.3.rel1.win32_1.0.200.202406191623/tools/bin/../lib/gcc/arm-none-eabi/12.3.1/../../../../arm-none-eabi/lib/thumb/v7e-m+dp/hard\libc_nano.a(libc_a-mlock.o)
 .data          0x2400051c        0x0 C:/ST/STM32CubeIDE_1.16.0/STM32CubeIDE/plugins/com.st.stm32cube.ide.mcu.externaltools.gnu-tools-for-stm32.12.3.rel1.win32_1.0.200.202406191623/tools/bin/../lib/gcc/arm-none-eabi/12.3.1/../../../../arm-none-eabi/lib/thumb/v7e-m+dp/hard\libc_nano.a(libc_a-nano-vfprintf.o)
 .data          0x2400051c        0x0 C:/ST/STM32CubeIDE_1.16.0/STM32CubeIDE/plugins/com.st.stm32cube.ide.mcu.externaltools.gnu-tools-for-stm32.12.3.rel1.win32_1.0.200.202406191623/tools/bin/../lib/gcc/arm-none-eabi/12.3.1/../../../../arm-none-eabi/lib/thumb/v7e-m+dp/hard\libc_nano.a(libc_a-nano-vfprintf_i.o)
 .data          0x2400051c        0x0 C:/ST/STM32CubeIDE_1.16.0/STM32CubeIDE/plugins/com.st.stm32cube.ide.mcu.externaltools.gnu-tools-for-stm32.12.3.rel1.win32_1.0.200.202406191623/tools/bin/../lib/gcc/arm-none-eabi/12.3.1/../../../../arm-none-eabi/lib/thumb/v7e-m+dp/hard\libc_nano.a(libc_a-fflush.o)
 .data          0x2400051c        0x0 C:/ST/STM32CubeIDE_1.16.0/STM32CubeIDE/plugins/com.st.stm32cube.ide.mcu.externaltools.gnu-tools-for-stm32.12.3.rel1.win32_1.0.200.202406191623/tools/bin/../lib/gcc/arm-none-eabi/12.3.1/../../../../arm-none-eabi/lib/thumb/v7e-m+dp/hard\libc_nano.a(libc_a-findfp.o)
 .data          0x2400051c        0x0 C:/ST/STM32CubeIDE_1.16.0/STM32CubeIDE/plugins/com.st.stm32cube.ide.mcu.externaltools.gnu-tools-for-stm32.12.3.rel1.win32_1.0.200.202406191623/tools/bin/../lib/gcc/arm-none-eabi/12.3.1/../../../../arm-none-eabi/lib/thumb/v7e-m+dp/hard\libc_nano.a(libc_a-fvwrite.o)
 .data          0x2400051c        0x0 C:/ST/STM32CubeIDE_1.16.0/STM32CubeIDE/plugins/com.st.stm32cube.ide.mcu.externaltools.gnu-tools-for-stm32.12.3.rel1.win32_1.0.200.202406191623/tools/bin/../lib/gcc/arm-none-eabi/12.3.1/../../../../arm-none-eabi/lib/thumb/v7e-m+dp/hard\libc_nano.a(libc_a-fwalk.o)
 .data          0x2400051c        0x0 C:/ST/STM32CubeIDE_1.16.0/STM32CubeIDE/plugins/com.st.stm32cube.ide.mcu.externaltools.gnu-tools-for-stm32.12.3.rel1.win32_1.0.200.202406191623/tools/bin/../lib/gcc/arm-none-eabi/12.3.1/../../../../arm-none-eabi/lib/thumb/v7e-m+dp/hard\libc_nano.a(libc_a-makebuf.o)
 .data          0x2400051c        0x0 C:/ST/STM32CubeIDE_1.16.0/STM32CubeIDE/plugins/com.st.stm32cube.ide.mcu.externaltools.gnu-tools-for-stm32.12.3.rel1.win32_1.0.200.202406191623/tools/bin/../lib/gcc/arm-none-eabi/12.3.1/../../../../arm-none-eabi/lib/thumb/v7e-m+dp/hard\libc_nano.a(libc_a-stdio.o)
 .data          0x2400051c        0x0 C:/ST/STM32CubeIDE_1.16.0/STM32CubeIDE/plugins/com.st.stm32cube.ide.mcu.externaltools.gnu-tools-for-stm32.12.3.rel1.win32_1.0.200.202406191623/tools/bin/../lib/gcc/arm-none-eabi/12.3.1/../../../../arm-none-eabi/lib/thumb/v7e-m+dp/hard\libc_nano.a(libc_a-memmove.o)
 .data          0x2400051c        0x0 C:/ST/STM32CubeIDE_1.16.0/STM32CubeIDE/plugins/com.st.stm32cube.ide.mcu.externaltools.gnu-tools-for-stm32.12.3.rel1.win32_1.0.200.202406191623/tools/bin/../lib/gcc/arm-none-eabi/12.3.1/../../../../arm-none-eabi/lib/thumb/v7e-m+dp/hard\libc_nano.a(libc_a-closer.o)
 .data          0x2400051c        0x0 C:/ST/STM32CubeIDE_1.16.0/STM32CubeIDE/plugins/com.st.stm32cube.ide.mcu.externaltools.gnu-tools-for-stm32.12.3.rel1.win32_1.0.200.202406191623/tools/bin/../lib/gcc/arm-none-eabi/12.3.1/../../../../arm-none-eabi/lib/thumb/v7e-m+dp/hard\libc_nano.a(libc_a-reent.o)
 .data          0x2400051c        0x0 C:/ST/STM32CubeIDE_1.16.0/STM32CubeIDE/plugins/com.st.stm32cube.ide.mcu.externaltools.gnu-tools-for-stm32.12.3.rel1.win32_1.0.200.202406191623/tools/bin/../lib/gcc/arm-none-eabi/12.3.1/../../../../arm-none-eabi/lib/thumb/v7e-m+dp/hard\libc_nano.a(libc_a-fstatr.o)
 .data          0x2400051c        0x0 C:/ST/STM32CubeIDE_1.16.0/STM32CubeIDE/plugins/com.st.stm32cube.ide.mcu.externaltools.gnu-tools-for-stm32.12.3.rel1.win32_1.0.200.202406191623/tools/bin/../lib/gcc/arm-none-eabi/12.3.1/../../../../arm-none-eabi/lib/thumb/v7e-m+dp/hard\libc_nano.a(libc_a-isattyr.o)
 .data          0x2400051c        0x0 C:/ST/STM32CubeIDE_1.16.0/STM32CubeIDE/plugins/com.st.stm32cube.ide.mcu.externaltools.gnu-tools-for-stm32.12.3.rel1.win32_1.0.200.202406191623/tools/bin/../lib/gcc/arm-none-eabi/12.3.1/../../../../arm-none-eabi/lib/thumb/v7e-m+dp/hard\libc_nano.a(libc_a-lseekr.o)
 .data          0x2400051c        0x0 C:/ST/STM32CubeIDE_1.16.0/STM32CubeIDE/plugins/com.st.stm32cube.ide.mcu.externaltools.gnu-tools-for-stm32.12.3.rel1.win32_1.0.200.202406191623/tools/bin/../lib/gcc/arm-none-eabi/12.3.1/../../../../arm-none-eabi/lib/thumb/v7e-m+dp/hard\libc_nano.a(libc_a-readr.o)
 .data          0x2400051c        0x0 C:/ST/STM32CubeIDE_1.16.0/STM32CubeIDE/plugins/com.st.stm32cube.ide.mcu.externaltools.gnu-tools-for-stm32.12.3.rel1.win32_1.0.200.202406191623/tools/bin/../lib/gcc/arm-none-eabi/12.3.1/../../../../arm-none-eabi/lib/thumb/v7e-m+dp/hard\libc_nano.a(libc_a-sbrkr.o)
 .data          0x2400051c        0x0 C:/ST/STM32CubeIDE_1.16.0/STM32CubeIDE/plugins/com.st.stm32cube.ide.mcu.externaltools.gnu-tools-for-stm32.12.3.rel1.win32_1.0.200.202406191623/tools/bin/../lib/gcc/arm-none-eabi/12.3.1/../../../../arm-none-eabi/lib/thumb/v7e-m+dp/hard\libc_nano.a(libc_a-writer.o)
 .data          0x2400051c        0x0 C:/ST/STM32CubeIDE_1.16.0/STM32CubeIDE/plugins/com.st.stm32cube.ide.mcu.externaltools.gnu-tools-for-stm32.12.3.rel1.win32_1.0.200.202406191623/tools/bin/../lib/gcc/arm-none-eabi/12.3.1/../../../../arm-none-eabi/lib/thumb/v7e-m+dp/hard\libc_nano.a(libc_a-memchr.o)
 .data          0x2400051c        0x0 C:/ST/STM32CubeIDE_1.16.0/STM32CubeIDE/plugins/com.st.stm32cube.ide.mcu.externaltools.gnu-tools-for-stm32.12.3.rel1.win32_1.0.200.202406191623/tools/bin/../lib/gcc/arm-none-eabi/12.3.1/../../../../arm-none-eabi/lib/thumb/v7e-m+dp/hard\libc_nano.a(libc_a-memcpy-stub.o)
 .data          0x2400051c        0x0 C:/ST/STM32CubeIDE_1.16.0/STM32CubeIDE/plugins/com.st.stm32cube.ide.mcu.externaltools.gnu-tools-for-stm32.12.3.rel1.win32_1.0.200.202406191623/tools/bin/../lib/gcc/arm-none-eabi/12.3.1/../../../../arm-none-eabi/lib/thumb/v7e-m+dp/hard\libc_nano.a(libc_a-reallocr.o)
 .data          0x2400051c        0x0 C:/ST/STM32CubeIDE_1.16.0/STM32CubeIDE/plugins/com.st.stm32cube.ide.mcu.externaltools.gnu-tools-for-stm32.12.3.rel1.win32_1.0.200.202406191623/tools/bin/../lib/gcc/arm-none-eabi/12.3.1/../../../../arm-none-eabi/lib/thumb/v7e-m+dp/hard\libc_nano.a(libc_a-msizer.o)
 *(.data*)
 .data._impure_ptr
                0x2400051c        0x4 C:/ST/STM32CubeIDE_1.16.0/STM32CubeIDE/plugins/com.st.stm32cube.ide.mcu.externaltools.gnu-tools-for-stm32.12.3.rel1.win32_1.0.200.202406191623/tools/bin/../lib/gcc/arm-none-eabi/12.3.1/../../../../arm-none-eabi/lib/thumb/v7e-m+dp/hard\libc_nano.a(libc_a-impure.o)
                0x2400051c                _impure_ptr
 .data._impure_data
                0x24000520       0x4c C:/ST/STM32CubeIDE_1.16.0/STM32CubeIDE/plugins/com.st.stm32cube.ide.mcu.externaltools.gnu-tools-for-stm32.12.3.rel1.win32_1.0.200.202406191623/tools/bin/../lib/gcc/arm-none-eabi/12.3.1/../../../../arm-none-eabi/lib/thumb/v7e-m+dp/hard\libc_nano.a(libc_a-impure.o)
                0x24000520                _impure_data
 .data.__sglue  0x2400056c        0xc C:/ST/STM32CubeIDE_1.16.0/STM32CubeIDE/plugins/com.st.stm32cube.ide.mcu.externaltools.gnu-tools-for-stm32.12.3.rel1.win32_1.0.200.202406191623/tools/bin/../lib/gcc/arm-none-eabi/12.3.1/../../../../arm-none-eabi/lib/thumb/v7e-m+dp/hard\libc_nano.a(libc_a-findfp.o)
                0x2400056c                __sglue
                0x24000578                        . = ALIGN (0x4)
                0x24000578                        _edata = .

.igot.plt       0x24000578        0x0
 .igot.plt      0x24000578        0x0 ./Drivers/STM32H7xx_HAL_Driver/Src/stm32h7xx_hal.o
                0x24000578                        . = ALIGN (0x4)

.bss            0x24000578      0x294
                0x24000578                        _sbss = .
                0x24000578                        __bss_start__ = _sbss
 *(.bss)
 .bss           0x24000578        0x4 ./Drivers/STM32H7xx_HAL_Driver/Src/stm32h7xx_hal.o
                0x24000578                uwTick
 .bss           0x2400057c        0x0 ./Drivers/STM32H7xx_HAL_Driver/Src/stm32h7xx_hal_cortex.o
 .bss           0x2400057c        0x0 ./Drivers/STM32H7xx_HAL_Driver/Src/stm32h7xx_hal_dma.o
 .bss           0x2400057c        0x0 ./Drivers/STM32H7xx_HAL_Driver/Src/stm32h7xx_hal_dma_ex.o
 .bss           0x2400057c        0x0 ./Drivers/STM32H7xx_HAL_Driver/Src/stm32h7xx_hal_exti.o
 .bss           0x2400057c       0x1c ./Drivers/STM32H7xx_HAL_Driver/Src/stm32h7xx_hal_flash.o
                0x2400057c                pFlash
 .bss           0x24000598        0x0 ./Drivers/STM32H7xx_HAL_Driver/Src/stm32h7xx_hal_flash_ex.o
 .bss           0x24000598        0x0 ./Drivers/STM32H7xx_HAL_Driver/Src/stm32h7xx_hal_gpio.o
 .bss           0x24000598        0x0 ./Drivers/STM32H7xx_HAL_Driver/Src/stm32h7xx_hal_hsem.o
 .bss           0x24000598        0x0 ./Drivers/STM32H7xx_HAL_Driver/Src/stm32h7xx_hal_i2c.o
 .bss           0x24000598        0x0 ./Drivers/STM32H7xx_HAL_Driver/Src/stm32h7xx_hal_i2c_ex.o
 .bss           0x24000598        0x0 ./Drivers/STM32H7xx_HAL_Driver/Src/stm32h7xx_hal_mdma.o
 .bss           0x24000598        0x0 ./Drivers/STM32H7xx_HAL_Driver/Src/stm32h7xx_hal_pwr.o
 .bss           0x24000598        0x0 ./Drivers/STM32H7xx_HAL_Driver/Src/stm32h7xx_hal_pwr_ex.o
 .bss           0x24000598        0x0 ./Drivers/STM32H7xx_HAL_Driver/Src/stm32h7xx_hal_qspi.o
 .bss           0x24000598        0x0 ./Drivers/STM32H7xx_HAL_Driver/Src/stm32h7xx_hal_rcc.o
 .bss           0x24000598        0x0 ./Drivers/STM32H7xx_HAL_Driver/Src/stm32h7xx_hal_rcc_ex.o
 .bss           0x24000598        0x0 ./Drivers/STM32H7xx_HAL_Driver/Src/stm32h7xx_hal_tim.o
 .bss           0x24000598        0x0 ./Drivers/STM32H7xx_HAL_Driver/Src/stm32h7xx_hal_tim_ex.o
 .bss           0x24000598        0x0 ./Drivers/STM32H7xx_HAL_Driver/Src/stm32h7xx_hal_uart.o
 .bss           0x24000598        0x0 ./Drivers/STM32H7xx_HAL_Driver/Src/stm32h7xx_hal_uart_ex.o
 .bss           0x24000598        0x0 ./Drivers/STM32H7xx_HAL_Driver/Src/stm32h7xx_hal_usart.o
 .bss           0x24000598        0x0 ./Drivers/STM32H7xx_HAL_Driver/Src/stm32h7xx_hal_usart_ex.o
 .bss           0x24000598        0x0 ./Src/Dev_Inf.o
 .bss           0x24000598        0x0 ./Src/Loader_Src.o
 .bss           0x24000598       0x88 ./Src/qspi_IS25LP128D.o
 .bss           0x24000620        0x0 ./Src/stm32h7xx_hal_msp.o
 .bss           0x24000620        0x0 ./Src/stm32h7xx_it.o
 .bss           0x24000620        0x8 ./Src/syscalls.o
                0x24000624                __env
 .bss           0x24000628        0x0 ./Src/system_stm32h7xx.o
 .bss           0x24000628       0x94 ./Src/uart.o
 .bss           0x240006bc        0x0 ./Startup/startup_stm32h743iitx.o
 .bss           0x240006bc        0x0 C:/ST/STM32CubeIDE_1.16.0/STM32CubeIDE/plugins/com.st.stm32cube.ide.mcu.externaltools.gnu-tools-for-stm32.12.3.rel1.win32_1.0.200.202406191623/tools/bin/../lib/gcc/arm-none-eabi/12.3.1/../../../../arm-none-eabi/lib/thumb/v7e-m+dp/hard\libc_nano.a(libc_a-printf.o)
 .bss           0x240006bc        0x0 C:/ST/STM32CubeIDE_1.16.0/STM32CubeIDE/plugins/com.st.stm32cube.ide.mcu.externaltools.gnu-tools-for-stm32.12.3.rel1.win32_1.0.200.202406191623/tools/bin/../lib/gcc/arm-none-eabi/12.3.1/../../../../arm-none-eabi/lib/thumb/v7e-m+dp/hard\libc_nano.a(libc_a-puts.o)
 .bss           0x240006bc        0x0 C:/ST/STM32CubeIDE_1.16.0/STM32CubeIDE/plugins/com.st.stm32cube.ide.mcu.externaltools.gnu-tools-for-stm32.12.3.rel1.win32_1.0.200.202406191623/tools/bin/../lib/gcc/arm-none-eabi/12.3.1/../../../../arm-none-eabi/lib/thumb/v7e-m+dp/hard\libc_nano.a(libc_a-wbuf.o)
 .bss           0x240006bc        0x0 C:/ST/STM32CubeIDE_1.16.0/STM32CubeIDE/plugins/com.st.stm32cube.ide.mcu.externaltools.gnu-tools-for-stm32.12.3.rel1.win32_1.0.200.202406191623/tools/bin/../lib/gcc/arm-none-eabi/12.3.1/../../../../arm-none-eabi/lib/thumb/v7e-m+dp/hard\libc_nano.a(libc_a-wsetup.o)
 .bss           0x240006bc        0x0 C:/ST/STM32CubeIDE_1.16.0/STM32CubeIDE/plugins/com.st.stm32cube.ide.mcu.externaltools.gnu-tools-for-stm32.12.3.rel1.win32_1.0.200.202406191623/tools/bin/../lib/gcc/arm-none-eabi/12.3.1/../../../../arm-none-eabi/lib/thumb/v7e-m+dp/hard\libc_nano.a(libc_a-memset.o)
 .bss           0x240006bc        0x0 C:/ST/STM32CubeIDE_1.16.0/STM32CubeIDE/plugins/com.st.stm32cube.ide.mcu.externaltools.gnu-tools-for-stm32.12.3.rel1.win32_1.0.200.202406191623/tools/bin/../lib/gcc/arm-none-eabi/12.3.1/../../../../arm-none-eabi/lib/thumb/v7e-m+dp/hard\libc_nano.a(libc_a-impure.o)
 .bss           0x240006bc        0x0 C:/ST/STM32CubeIDE_1.16.0/STM32CubeIDE/plugins/com.st.stm32cube.ide.mcu.externaltools.gnu-tools-for-stm32.12.3.rel1.win32_1.0.200.202406191623/tools/bin/../lib/gcc/arm-none-eabi/12.3.1/../../../../arm-none-eabi/lib/thumb/v7e-m+dp/hard\libc_nano.a(libc_a-errno.o)
 .bss           0x240006bc        0x0 C:/ST/STM32CubeIDE_1.16.0/STM32CubeIDE/plugins/com.st.stm32cube.ide.mcu.externaltools.gnu-tools-for-stm32.12.3.rel1.win32_1.0.200.202406191623/tools/bin/../lib/gcc/arm-none-eabi/12.3.1/../../../../arm-none-eabi/lib/thumb/v7e-m+dp/hard\libc_nano.a(libc_a-init.o)
 .bss           0x240006bc        0x0 C:/ST/STM32CubeIDE_1.16.0/STM32CubeIDE/plugins/com.st.stm32cube.ide.mcu.externaltools.gnu-tools-for-stm32.12.3.rel1.win32_1.0.200.202406191623/tools/bin/../lib/gcc/arm-none-eabi/12.3.1/../../../../arm-none-eabi/lib/thumb/v7e-m+dp/hard\libc_nano.a(libc_a-lock.o)
 .bss           0x240006bc        0x0 C:/ST/STM32CubeIDE_1.16.0/STM32CubeIDE/plugins/com.st.stm32cube.ide.mcu.externaltools.gnu-tools-for-stm32.12.3.rel1.win32_1.0.200.202406191623/tools/bin/../lib/gcc/arm-none-eabi/12.3.1/../../../../arm-none-eabi/lib/thumb/v7e-m+dp/hard\libc_nano.a(libc_a-freer.o)
 .bss           0x240006bc        0x0 C:/ST/STM32CubeIDE_1.16.0/STM32CubeIDE/plugins/com.st.stm32cube.ide.mcu.externaltools.gnu-tools-for-stm32.12.3.rel1.win32_1.0.200.202406191623/tools/bin/../lib/gcc/arm-none-eabi/12.3.1/../../../../arm-none-eabi/lib/thumb/v7e-m+dp/hard\libc_nano.a(libc_a-mallocr.o)
 .bss           0x240006bc        0x0 C:/ST/STM32CubeIDE_1.16.0/STM32CubeIDE/plugins/com.st.stm32cube.ide.mcu.externaltools.gnu-tools-for-stm32.12.3.rel1.win32_1.0.200.202406191623/tools/bin/../lib/gcc/arm-none-eabi/12.3.1/../../../../arm-none-eabi/lib/thumb/v7e-m+dp/hard\libc_nano.a(libc_a-mlock.o)
 .bss           0x240006bc        0x0 C:/ST/STM32CubeIDE_1.16.0/STM32CubeIDE/plugins/com.st.stm32cube.ide.mcu.externaltools.gnu-tools-for-stm32.12.3.rel1.win32_1.0.200.202406191623/tools/bin/../lib/gcc/arm-none-eabi/12.3.1/../../../../arm-none-eabi/lib/thumb/v7e-m+dp/hard\libc_nano.a(libc_a-nano-vfprintf.o)
 .bss           0x240006bc        0x0 C:/ST/STM32CubeIDE_1.16.0/STM32CubeIDE/plugins/com.st.stm32cube.ide.mcu.externaltools.gnu-tools-for-stm32.12.3.rel1.win32_1.0.200.202406191623/tools/bin/../lib/gcc/arm-none-eabi/12.3.1/../../../../arm-none-eabi/lib/thumb/v7e-m+dp/hard\libc_nano.a(libc_a-nano-vfprintf_i.o)
 .bss           0x240006bc        0x0 C:/ST/STM32CubeIDE_1.16.0/STM32CubeIDE/plugins/com.st.stm32cube.ide.mcu.externaltools.gnu-tools-for-stm32.12.3.rel1.win32_1.0.200.202406191623/tools/bin/../lib/gcc/arm-none-eabi/12.3.1/../../../../arm-none-eabi/lib/thumb/v7e-m+dp/hard\libc_nano.a(libc_a-fflush.o)
 .bss           0x240006bc        0x0 C:/ST/STM32CubeIDE_1.16.0/STM32CubeIDE/plugins/com.st.stm32cube.ide.mcu.externaltools.gnu-tools-for-stm32.12.3.rel1.win32_1.0.200.202406191623/tools/bin/../lib/gcc/arm-none-eabi/12.3.1/../../../../arm-none-eabi/lib/thumb/v7e-m+dp/hard\libc_nano.a(libc_a-findfp.o)
 .bss           0x240006bc        0x0 C:/ST/STM32CubeIDE_1.16.0/STM32CubeIDE/plugins/com.st.stm32cube.ide.mcu.externaltools.gnu-tools-for-stm32.12.3.rel1.win32_1.0.200.202406191623/tools/bin/../lib/gcc/arm-none-eabi/12.3.1/../../../../arm-none-eabi/lib/thumb/v7e-m+dp/hard\libc_nano.a(libc_a-fvwrite.o)
 .bss           0x240006bc        0x0 C:/ST/STM32CubeIDE_1.16.0/STM32CubeIDE/plugins/com.st.stm32cube.ide.mcu.externaltools.gnu-tools-for-stm32.12.3.rel1.win32_1.0.200.202406191623/tools/bin/../lib/gcc/arm-none-eabi/12.3.1/../../../../arm-none-eabi/lib/thumb/v7e-m+dp/hard\libc_nano.a(libc_a-fwalk.o)
 .bss           0x240006bc        0x0 C:/ST/STM32CubeIDE_1.16.0/STM32CubeIDE/plugins/com.st.stm32cube.ide.mcu.externaltools.gnu-tools-for-stm32.12.3.rel1.win32_1.0.200.202406191623/tools/bin/../lib/gcc/arm-none-eabi/12.3.1/../../../../arm-none-eabi/lib/thumb/v7e-m+dp/hard\libc_nano.a(libc_a-makebuf.o)
 .bss           0x240006bc        0x0 C:/ST/STM32CubeIDE_1.16.0/STM32CubeIDE/plugins/com.st.stm32cube.ide.mcu.externaltools.gnu-tools-for-stm32.12.3.rel1.win32_1.0.200.202406191623/tools/bin/../lib/gcc/arm-none-eabi/12.3.1/../../../../arm-none-eabi/lib/thumb/v7e-m+dp/hard\libc_nano.a(libc_a-stdio.o)
 .bss           0x240006bc        0x0 C:/ST/STM32CubeIDE_1.16.0/STM32CubeIDE/plugins/com.st.stm32cube.ide.mcu.externaltools.gnu-tools-for-stm32.12.3.rel1.win32_1.0.200.202406191623/tools/bin/../lib/gcc/arm-none-eabi/12.3.1/../../../../arm-none-eabi/lib/thumb/v7e-m+dp/hard\libc_nano.a(libc_a-memmove.o)
 .bss           0x240006bc        0x0 C:/ST/STM32CubeIDE_1.16.0/STM32CubeIDE/plugins/com.st.stm32cube.ide.mcu.externaltools.gnu-tools-for-stm32.12.3.rel1.win32_1.0.200.202406191623/tools/bin/../lib/gcc/arm-none-eabi/12.3.1/../../../../arm-none-eabi/lib/thumb/v7e-m+dp/hard\libc_nano.a(libc_a-closer.o)
 .bss           0x240006bc        0x0 C:/ST/STM32CubeIDE_1.16.0/STM32CubeIDE/plugins/com.st.stm32cube.ide.mcu.externaltools.gnu-tools-for-stm32.12.3.rel1.win32_1.0.200.202406191623/tools/bin/../lib/gcc/arm-none-eabi/12.3.1/../../../../arm-none-eabi/lib/thumb/v7e-m+dp/hard\libc_nano.a(libc_a-reent.o)
 .bss           0x240006bc        0x0 C:/ST/STM32CubeIDE_1.16.0/STM32CubeIDE/plugins/com.st.stm32cube.ide.mcu.externaltools.gnu-tools-for-stm32.12.3.rel1.win32_1.0.200.202406191623/tools/bin/../lib/gcc/arm-none-eabi/12.3.1/../../../../arm-none-eabi/lib/thumb/v7e-m+dp/hard\libc_nano.a(libc_a-fstatr.o)
 .bss           0x240006bc        0x0 C:/ST/STM32CubeIDE_1.16.0/STM32CubeIDE/plugins/com.st.stm32cube.ide.mcu.externaltools.gnu-tools-for-stm32.12.3.rel1.win32_1.0.200.202406191623/tools/bin/../lib/gcc/arm-none-eabi/12.3.1/../../../../arm-none-eabi/lib/thumb/v7e-m+dp/hard\libc_nano.a(libc_a-isattyr.o)
 .bss           0x240006bc        0x0 C:/ST/STM32CubeIDE_1.16.0/STM32CubeIDE/plugins/com.st.stm32cube.ide.mcu.externaltools.gnu-tools-for-stm32.12.3.rel1.win32_1.0.200.202406191623/tools/bin/../lib/gcc/arm-none-eabi/12.3.1/../../../../arm-none-eabi/lib/thumb/v7e-m+dp/hard\libc_nano.a(libc_a-lseekr.o)
 .bss           0x240006bc        0x0 C:/ST/STM32CubeIDE_1.16.0/STM32CubeIDE/plugins/com.st.stm32cube.ide.mcu.externaltools.gnu-tools-for-stm32.12.3.rel1.win32_1.0.200.202406191623/tools/bin/../lib/gcc/arm-none-eabi/12.3.1/../../../../arm-none-eabi/lib/thumb/v7e-m+dp/hard\libc_nano.a(libc_a-readr.o)
 .bss           0x240006bc        0x0 C:/ST/STM32CubeIDE_1.16.0/STM32CubeIDE/plugins/com.st.stm32cube.ide.mcu.externaltools.gnu-tools-for-stm32.12.3.rel1.win32_1.0.200.202406191623/tools/bin/../lib/gcc/arm-none-eabi/12.3.1/../../../../arm-none-eabi/lib/thumb/v7e-m+dp/hard\libc_nano.a(libc_a-sbrkr.o)
 .bss           0x240006bc        0x0 C:/ST/STM32CubeIDE_1.16.0/STM32CubeIDE/plugins/com.st.stm32cube.ide.mcu.externaltools.gnu-tools-for-stm32.12.3.rel1.win32_1.0.200.202406191623/tools/bin/../lib/gcc/arm-none-eabi/12.3.1/../../../../arm-none-eabi/lib/thumb/v7e-m+dp/hard\libc_nano.a(libc_a-writer.o)
 .bss           0x240006bc        0x0 C:/ST/STM32CubeIDE_1.16.0/STM32CubeIDE/plugins/com.st.stm32cube.ide.mcu.externaltools.gnu-tools-for-stm32.12.3.rel1.win32_1.0.200.202406191623/tools/bin/../lib/gcc/arm-none-eabi/12.3.1/../../../../arm-none-eabi/lib/thumb/v7e-m+dp/hard\libc_nano.a(libc_a-memchr.o)
 .bss           0x240006bc        0x0 C:/ST/STM32CubeIDE_1.16.0/STM32CubeIDE/plugins/com.st.stm32cube.ide.mcu.externaltools.gnu-tools-for-stm32.12.3.rel1.win32_1.0.200.202406191623/tools/bin/../lib/gcc/arm-none-eabi/12.3.1/../../../../arm-none-eabi/lib/thumb/v7e-m+dp/hard\libc_nano.a(libc_a-memcpy-stub.o)
 .bss           0x240006bc        0x0 C:/ST/STM32CubeIDE_1.16.0/STM32CubeIDE/plugins/com.st.stm32cube.ide.mcu.externaltools.gnu-tools-for-stm32.12.3.rel1.win32_1.0.200.202406191623/tools/bin/../lib/gcc/arm-none-eabi/12.3.1/../../../../arm-none-eabi/lib/thumb/v7e-m+dp/hard\libc_nano.a(libc_a-reallocr.o)
 .bss           0x240006bc        0x0 C:/ST/STM32CubeIDE_1.16.0/STM32CubeIDE/plugins/com.st.stm32cube.ide.mcu.externaltools.gnu-tools-for-stm32.12.3.rel1.win32_1.0.200.202406191623/tools/bin/../lib/gcc/arm-none-eabi/12.3.1/../../../../arm-none-eabi/lib/thumb/v7e-m+dp/hard\libc_nano.a(libc_a-msizer.o)
 *(.bss*)
 .bss.__lock___arc4random_mutex
                0x240006bc        0x1 C:/ST/STM32CubeIDE_1.16.0/STM32CubeIDE/plugins/com.st.stm32cube.ide.mcu.externaltools.gnu-tools-for-stm32.12.3.rel1.win32_1.0.200.202406191623/tools/bin/../lib/gcc/arm-none-eabi/12.3.1/../../../../arm-none-eabi/lib/thumb/v7e-m+dp/hard\libc_nano.a(libc_a-lock.o)
                0x240006bc                __lock___arc4random_mutex
 .bss.__lock___dd_hash_mutex
                0x240006bd        0x1 C:/ST/STM32CubeIDE_1.16.0/STM32CubeIDE/plugins/com.st.stm32cube.ide.mcu.externaltools.gnu-tools-for-stm32.12.3.rel1.win32_1.0.200.202406191623/tools/bin/../lib/gcc/arm-none-eabi/12.3.1/../../../../arm-none-eabi/lib/thumb/v7e-m+dp/hard\libc_nano.a(libc_a-lock.o)
                0x240006bd                __lock___dd_hash_mutex
 .bss.__lock___tz_mutex
                0x240006be        0x1 C:/ST/STM32CubeIDE_1.16.0/STM32CubeIDE/plugins/com.st.stm32cube.ide.mcu.externaltools.gnu-tools-for-stm32.12.3.rel1.win32_1.0.200.202406191623/tools/bin/../lib/gcc/arm-none-eabi/12.3.1/../../../../arm-none-eabi/lib/thumb/v7e-m+dp/hard\libc_nano.a(libc_a-lock.o)
                0x240006be                __lock___tz_mutex
 .bss.__lock___env_recursive_mutex
                0x240006bf        0x1 C:/ST/STM32CubeIDE_1.16.0/STM32CubeIDE/plugins/com.st.stm32cube.ide.mcu.externaltools.gnu-tools-for-stm32.12.3.rel1.win32_1.0.200.202406191623/tools/bin/../lib/gcc/arm-none-eabi/12.3.1/../../../../arm-none-eabi/lib/thumb/v7e-m+dp/hard\libc_nano.a(libc_a-lock.o)
                0x240006bf                __lock___env_recursive_mutex
 .bss.__lock___malloc_recursive_mutex
                0x240006c0        0x1 C:/ST/STM32CubeIDE_1.16.0/STM32CubeIDE/plugins/com.st.stm32cube.ide.mcu.externaltools.gnu-tools-for-stm32.12.3.rel1.win32_1.0.200.202406191623/tools/bin/../lib/gcc/arm-none-eabi/12.3.1/../../../../arm-none-eabi/lib/thumb/v7e-m+dp/hard\libc_nano.a(libc_a-lock.o)
                0x240006c0                __lock___malloc_recursive_mutex
 .bss.__lock___at_quick_exit_mutex
                0x240006c1        0x1 C:/ST/STM32CubeIDE_1.16.0/STM32CubeIDE/plugins/com.st.stm32cube.ide.mcu.externaltools.gnu-tools-for-stm32.12.3.rel1.win32_1.0.200.202406191623/tools/bin/../lib/gcc/arm-none-eabi/12.3.1/../../../../arm-none-eabi/lib/thumb/v7e-m+dp/hard\libc_nano.a(libc_a-lock.o)
                0x240006c1                __lock___at_quick_exit_mutex
 .bss.__lock___atexit_recursive_mutex
                0x240006c2        0x1 C:/ST/STM32CubeIDE_1.16.0/STM32CubeIDE/plugins/com.st.stm32cube.ide.mcu.externaltools.gnu-tools-for-stm32.12.3.rel1.win32_1.0.200.202406191623/tools/bin/../lib/gcc/arm-none-eabi/12.3.1/../../../../arm-none-eabi/lib/thumb/v7e-m+dp/hard\libc_nano.a(libc_a-lock.o)
                0x240006c2                __lock___atexit_recursive_mutex
 .bss.__lock___sfp_recursive_mutex
                0x240006c3        0x1 C:/ST/STM32CubeIDE_1.16.0/STM32CubeIDE/plugins/com.st.stm32cube.ide.mcu.externaltools.gnu-tools-for-stm32.12.3.rel1.win32_1.0.200.202406191623/tools/bin/../lib/gcc/arm-none-eabi/12.3.1/../../../../arm-none-eabi/lib/thumb/v7e-m+dp/hard\libc_nano.a(libc_a-lock.o)
                0x240006c3                __lock___sfp_recursive_mutex
 .bss.__malloc_sbrk_start
                0x240006c4        0x4 C:/ST/STM32CubeIDE_1.16.0/STM32CubeIDE/plugins/com.st.stm32cube.ide.mcu.externaltools.gnu-tools-for-stm32.12.3.rel1.win32_1.0.200.202406191623/tools/bin/../lib/gcc/arm-none-eabi/12.3.1/../../../../arm-none-eabi/lib/thumb/v7e-m+dp/hard\libc_nano.a(libc_a-mallocr.o)
                0x240006c4                __malloc_sbrk_start
 .bss.__malloc_free_list
                0x240006c8        0x4 C:/ST/STM32CubeIDE_1.16.0/STM32CubeIDE/plugins/com.st.stm32cube.ide.mcu.externaltools.gnu-tools-for-stm32.12.3.rel1.win32_1.0.200.202406191623/tools/bin/../lib/gcc/arm-none-eabi/12.3.1/../../../../arm-none-eabi/lib/thumb/v7e-m+dp/hard\libc_nano.a(libc_a-mallocr.o)
                0x240006c8                __malloc_free_list
 .bss.__sf      0x240006cc      0x138 C:/ST/STM32CubeIDE_1.16.0/STM32CubeIDE/plugins/com.st.stm32cube.ide.mcu.externaltools.gnu-tools-for-stm32.12.3.rel1.win32_1.0.200.202406191623/tools/bin/../lib/gcc/arm-none-eabi/12.3.1/../../../../arm-none-eabi/lib/thumb/v7e-m+dp/hard\libc_nano.a(libc_a-findfp.o)
                0x240006cc                __sf
 .bss.__stdio_exit_handler
                0x24000804        0x4 C:/ST/STM32CubeIDE_1.16.0/STM32CubeIDE/plugins/com.st.stm32cube.ide.mcu.externaltools.gnu-tools-for-stm32.12.3.rel1.win32_1.0.200.202406191623/tools/bin/../lib/gcc/arm-none-eabi/12.3.1/../../../../arm-none-eabi/lib/thumb/v7e-m+dp/hard\libc_nano.a(libc_a-findfp.o)
                0x24000804                __stdio_exit_handler
 .bss.errno     0x24000808        0x4 C:/ST/STM32CubeIDE_1.16.0/STM32CubeIDE/plugins/com.st.stm32cube.ide.mcu.externaltools.gnu-tools-for-stm32.12.3.rel1.win32_1.0.200.202406191623/tools/bin/../lib/gcc/arm-none-eabi/12.3.1/../../../../arm-none-eabi/lib/thumb/v7e-m+dp/hard\libc_nano.a(libc_a-reent.o)
                0x24000808                errno
 *(COMMON)
                0x2400080c                        . = ALIGN (0x4)
                0x2400080c                        _ebss = .
                0x2400080c                        __bss_end__ = _ebss

.text           0x24000810    0x13898
                0x24000810                        . = ALIGN (0x4)
 *(.text)
 .text          0x24000810      0x50c ./Drivers/STM32H7xx_HAL_Driver/Src/stm32h7xx_hal.o
                0x24000812                HAL_MspDeInit
                0x24000814                HAL_DeInit
                0x240008bc                HAL_Init
                0x24000918                HAL_IncTick
                0x2400093c                HAL_GetTickPrio
                0x24000948                HAL_SetTickFreq
                0x24000968                HAL_GetTickFreq
                0x24000998                HAL_SuspendTick
                0x240009a6                HAL_ResumeTick
                0x240009b4                HAL_GetHalVersion
                0x240009ba                HAL_GetREVID
                0x240009c8                HAL_GetDEVID
                0x240009d8                HAL_GetUIDw0
                0x240009e4                HAL_GetUIDw1
                0x240009f0                HAL_GetUIDw2
                0x240009fc                HAL_SYSCFG_VREFBUF_VoltageScalingConfig
                0x24000a10                HAL_SYSCFG_VREFBUF_HighImpedanceConfig
                0x24000a24                HAL_SYSCFG_VREFBUF_TrimmingConfig
                0x24000a38                HAL_SYSCFG_EnableVREFBUF
                0x24000a68                HAL_SYSCFG_DisableVREFBUF
                0x24000a78                HAL_SYSCFG_ETHInterfaceSelect
                0x24000a8c                HAL_SYSCFG_AnalogSwitchConfig
                0x24000aa0                HAL_SYSCFG_EnableBOOST
                0x24000ab0                HAL_SYSCFG_DisableBOOST
                0x24000ac0                HAL_SYSCFG_CM7BootAddConfig
                0x24000aec                HAL_EnableCompensationCell
                0x24000afc                HAL_DisableCompensationCell
                0x24000b0c                HAL_SYSCFG_EnableIOSpeedOptimize
                0x24000b1c                HAL_SYSCFG_DisableIOSpeedOptimize
                0x24000b2c                HAL_SYSCFG_CompensationCodeSelect
                0x24000b40                HAL_SYSCFG_CompensationCodeConfig
                0x24000b58                HAL_DBGMCU_EnableDBGSleepMode
                0x24000b68                HAL_DBGMCU_DisableDBGSleepMode
                0x24000b78                HAL_DBGMCU_EnableDBGStopMode
                0x24000b88                HAL_DBGMCU_DisableDBGStopMode
                0x24000b98                HAL_DBGMCU_EnableDBGStandbyMode
                0x24000ba8                HAL_DBGMCU_DisableDBGStandbyMode
                0x24000bb8                HAL_EnableDomain3DBGStopMode
                0x24000bc8                HAL_DisableDomain3DBGStopMode
                0x24000bd8                HAL_EnableDomain3DBGStandbyMode
                0x24000be8                HAL_DisableDomain3DBGStandbyMode
                0x24000bf8                HAL_SetFMCMemorySwappingConfig
                0x24000c0c                HAL_GetFMCMemorySwappingConfig
                0x24000c1c                HAL_EXTI_EdgeConfig
                0x24000c54                HAL_EXTI_GenerateSWInterrupt
                0x24000c6c                HAL_EXTI_D1_ClearFlag
                0x24000c82                HAL_EXTI_D1_EventInputConfig
                0x24000cd4                HAL_EXTI_D3_EventInputConfig
 .text          0x24000d1c      0x2b4 ./Drivers/STM32H7xx_HAL_Driver/Src/stm32h7xx_hal_cortex.o
                0x24000d1c                HAL_NVIC_SetPriorityGrouping
                0x24000d40                HAL_NVIC_SetPriority
                0x24000da4                HAL_NVIC_EnableIRQ
                0x24000dc0                HAL_NVIC_DisableIRQ
                0x24000de4                HAL_NVIC_SystemReset
                0x24000e08                HAL_SYSTICK_Config
                0x24000e30                HAL_MPU_Disable
                0x24000e4c                HAL_MPU_Enable
                0x24000e6c                HAL_MPU_ConfigRegion
                0x24000ec4                HAL_NVIC_GetPriorityGrouping
                0x24000ed4                HAL_NVIC_GetPriority
                0x24000f2c                HAL_NVIC_SetPendingIRQ
                0x24000f48                HAL_NVIC_GetPendingIRQ
                0x24000f6c                HAL_NVIC_ClearPendingIRQ
                0x24000f88                HAL_NVIC_GetActive
                0x24000fac                HAL_SYSTICK_CLKSourceConfig
                0x24000fc2                HAL_SYSTICK_Callback
                0x24000fc4                HAL_SYSTICK_IRQHandler
                0x24000fcc                HAL_GetCurrentCPUID
 .text          0x24000fd0     0x1aec ./Drivers/STM32H7xx_HAL_Driver/Src/stm32h7xx_hal_dma.o
                0x240012f8                HAL_DMA_Init
                0x24001678                HAL_DMA_DeInit
                0x240018fc                HAL_DMA_Start
                0x240019e0                HAL_DMA_Start_IT
                0x24001c14                HAL_DMA_Abort
                0x24001f6c                HAL_DMA_Abort_IT
                0x2400208c                HAL_DMA_PollForTransfer
                0x240024b0                HAL_DMA_IRQHandler
                0x240029fc                HAL_DMA_RegisterCallback
                0x24002a4a                HAL_DMA_UnRegisterCallback
                0x24002ab0                HAL_DMA_GetState
                0x24002ab6                HAL_DMA_GetError
 .text          0x24002abc      0x790 ./Drivers/STM32H7xx_HAL_Driver/Src/stm32h7xx_hal_dma_ex.o
                0x24002b1c                HAL_DMAEx_MultiBufferStart
                0x24002d00                HAL_DMAEx_MultiBufferStart_IT
                0x240030c0                HAL_DMAEx_ChangeMemory
                0x24003118                HAL_DMAEx_ConfigMuxSync
                0x24003178                HAL_DMAEx_ConfigMuxRequestGenerator
                0x240031c2                HAL_DMAEx_EnableMuxRequestGenerator
                0x240031dc                HAL_DMAEx_DisableMuxRequestGenerator
                0x240031f6                HAL_DMAEx_MUX_IRQHandler
 .text          0x2400324c      0x31c ./Drivers/STM32H7xx_HAL_Driver/Src/stm32h7xx_hal_exti.o
                0x2400324c                HAL_EXTI_SetConfigLine
                0x24003340                HAL_EXTI_GetConfigLine
                0x24003418                HAL_EXTI_ClearConfigLine
                0x240034d4                HAL_EXTI_RegisterCallback
                0x240034e2                HAL_EXTI_GetHandle
                0x240034ee                HAL_EXTI_IRQHandler
                0x24003516                HAL_EXTI_GetPending
                0x24003536                HAL_EXTI_ClearPending
                0x24003550                HAL_EXTI_GenerateSWI
 .text          0x24003568      0x598 ./Drivers/STM32H7xx_HAL_Driver/Src/stm32h7xx_hal_flash.o
                0x24003568                HAL_FLASH_EndOfOperationCallback
                0x2400356a                HAL_FLASH_OperationErrorCallback
                0x2400356c                HAL_FLASH_IRQHandler
                0x24003720                HAL_FLASH_Unlock
                0x2400376c                HAL_FLASH_Lock
                0x2400379c                HAL_FLASH_OB_Unlock
                0x240037c0                HAL_FLASH_OB_Lock
                0x240037d8                HAL_FLASH_GetError
                0x240037e4                FLASH_WaitForLastOperation
                0x240038a0                HAL_FLASH_Program
                0x24003944                HAL_FLASH_Program_IT
                0x240039e8                FLASH_OB_WaitForLastOperation
                0x24003a38                FLASH_CRC_WaitForLastOperation
                0x24003ac8                HAL_FLASH_OB_Launch
 .text          0x24003b00      0x798 ./Drivers/STM32H7xx_HAL_Driver/Src/stm32h7xx_hal_flash_ex.o
                0x24003b84                HAL_FLASHEx_OBProgram
                0x24003dc0                HAL_FLASHEx_OBGetConfig
                0x24003e90                HAL_FLASHEx_Unlock_Bank1
                0x24003eb4                HAL_FLASHEx_Lock_Bank1
                0x24003ec8                HAL_FLASHEx_Unlock_Bank2
                0x24003ef4                HAL_FLASHEx_Lock_Bank2
                0x24003f0c                HAL_FLASHEx_ComputeCRC
                0x24004078                FLASH_Erase_Sector
                0x240040c0                HAL_FLASHEx_Erase
                0x240041e4                HAL_FLASHEx_Erase_IT
 .text          0x24004298      0x364 ./Drivers/STM32H7xx_HAL_Driver/Src/stm32h7xx_hal_gpio.o
                0x24004298                HAL_GPIO_Init
                0x2400445c                HAL_GPIO_DeInit
                0x24004594                HAL_GPIO_ReadPin
                0x240045a0                HAL_GPIO_WritePin
                0x240045aa                HAL_GPIO_TogglePin
                0x240045b8                HAL_GPIO_LockPin
                0x240045e2                HAL_GPIO_EXTI_Callback
                0x240045e4                HAL_GPIO_EXTI_IRQHandler
 .text          0x240045fc       0xd4 ./Drivers/STM32H7xx_HAL_Driver/Src/stm32h7xx_hal_hsem.o
                0x240045fc                HAL_HSEM_Take
                0x2400461c                HAL_HSEM_FastTake
                0x24004638                HAL_HSEM_IsSemTaken
                0x24004648                HAL_HSEM_Release
                0x24004658                HAL_HSEM_ReleaseAll
                0x2400466c                HAL_HSEM_SetClearKey
                0x24004684                HAL_HSEM_GetClearKey
                0x24004694                HAL_HSEM_ActivateNotification
                0x240046a4                HAL_HSEM_DeactivateNotification
                0x240046b4                HAL_HSEM_FreeCallback
                0x240046b6                HAL_HSEM_IRQHandler
 .text          0x240046d0     0x2cc0 ./Drivers/STM32H7xx_HAL_Driver/Src/stm32h7xx_hal_i2c.o
                0x24004a98                HAL_I2C_MspInit
                0x24004a9a                HAL_I2C_Init
                0x24004b3c                HAL_I2C_MspDeInit
                0x24004b3e                HAL_I2C_DeInit
                0x24004b70                HAL_I2C_Master_Transmit
                0x24004c9c                HAL_I2C_Master_Receive
                0x24004dcc                HAL_I2C_Slave_Transmit
                0x24004efa                HAL_I2C_Slave_Receive
                0x24005024                HAL_I2C_Master_Transmit_IT
                0x240050a8                HAL_I2C_Master_Receive_IT
                0x2400512c                HAL_I2C_Slave_Transmit_IT
                0x24005184                HAL_I2C_Slave_Receive_IT
                0x240051dc                HAL_I2C_Master_Transmit_DMA
                0x24005304                HAL_I2C_Master_Receive_DMA
                0x2400542c                HAL_I2C_Slave_Transmit_DMA
                0x240054fc                HAL_I2C_Slave_Receive_DMA
                0x240055d0                HAL_I2C_Mem_Write
                0x2400573a                HAL_I2C_Mem_Read
                0x240058b0                HAL_I2C_Mem_Write_IT
                0x24005988                HAL_I2C_Mem_Read_IT
                0x24005a64                HAL_I2C_Mem_Write_DMA
                0x24005ba0                HAL_I2C_Mem_Read_DMA
                0x24005ce4                HAL_I2C_IsDeviceReady
                0x24005df8                HAL_I2C_Master_Seq_Transmit_IT
                0x24005e9c                HAL_I2C_Master_Seq_Transmit_DMA
                0x24005fec                HAL_I2C_Master_Seq_Receive_IT
                0x24006090                HAL_I2C_Master_Seq_Receive_DMA
                0x240061e0                HAL_I2C_Slave_Seq_Transmit_IT
                0x240062a0                HAL_I2C_Slave_Seq_Transmit_DMA
                0x24006404                HAL_I2C_Slave_Seq_Receive_IT
                0x240064c0                HAL_I2C_Slave_Seq_Receive_DMA
                0x24006624                HAL_I2C_EnableListen_IT
                0x2400664c                HAL_I2C_DisableListen_IT
                0x24006684                HAL_I2C_Master_Abort_IT
                0x240066fc                HAL_I2C_EV_IRQHandler
                0x2400670a                HAL_I2C_MasterTxCpltCallback
                0x2400670c                HAL_I2C_MasterRxCpltCallback
                0x24006752                HAL_I2C_SlaveTxCpltCallback
                0x24006754                HAL_I2C_SlaveRxCpltCallback
                0x24006868                HAL_I2C_AddrCallback
                0x240068f2                HAL_I2C_ListenCpltCallback
                0x24006954                HAL_I2C_MemTxCpltCallback
                0x24006956                HAL_I2C_MemRxCpltCallback
                0x24006958                HAL_I2C_ErrorCallback
                0x2400695a                HAL_I2C_AbortCpltCallback
                0x24006ef8                HAL_I2C_ER_IRQHandler
                0x24007380                HAL_I2C_GetState
                0x24007386                HAL_I2C_GetMode
                0x2400738c                HAL_I2C_GetError
 .text          0x24007390      0x184 ./Drivers/STM32H7xx_HAL_Driver/Src/stm32h7xx_hal_i2c_ex.o
                0x24007390                HAL_I2CEx_ConfigAnalogFilter
                0x240073dc                HAL_I2CEx_ConfigDigitalFilter
                0x24007426                HAL_I2CEx_EnableWakeUp
                0x2400746a                HAL_I2CEx_DisableWakeUp
                0x240074ae                HAL_I2CEx_EnableFastModePlus
                0x240074e0                HAL_I2CEx_DisableFastModePlus
 .text          0x24007514      0x97c ./Drivers/STM32H7xx_HAL_Driver/Src/stm32h7xx_hal_mdma.o
                0x24007572                HAL_MDMA_Init
                0x24007650                HAL_MDMA_DeInit
                0x2400768e                HAL_MDMA_ConfigPostRequestMask
                0x240076de                HAL_MDMA_RegisterCallback
                0x2400772c                HAL_MDMA_UnRegisterCallback
                0x24007792                HAL_MDMA_LinkedList_CreateNode
                0x24007870                HAL_MDMA_LinkedList_AddNode
                0x24007934                HAL_MDMA_LinkedList_RemoveNode
                0x240079ea                HAL_MDMA_LinkedList_EnableCircularMode
                0x24007a34                HAL_MDMA_LinkedList_DisableCircularMode
                0x24007a7e                HAL_MDMA_Start
                0x24007ae0                HAL_MDMA_Start_IT
                0x24007b72                HAL_MDMA_Abort
                0x24007be0                HAL_MDMA_Abort_IT
                0x24007c06                HAL_MDMA_PollForTransfer
                0x24007ce0                HAL_MDMA_GenerateSWRequest
                0x24007d14                HAL_MDMA_IRQHandler
                0x24007e84                HAL_MDMA_GetState
                0x24007e8a                HAL_MDMA_GetError
 .text          0x24007e90      0x1f8 ./Drivers/STM32H7xx_HAL_Driver/Src/stm32h7xx_hal_pwr.o
                0x24007e90                HAL_PWR_DeInit
                0x24007e92                HAL_PWR_EnableBkUpAccess
                0x24007ea4                HAL_PWR_DisableBkUpAccess
                0x24007eb4                HAL_PWR_ConfigPVD
                0x24007f40                HAL_PWR_EnablePVD
                0x24007f50                HAL_PWR_DisablePVD
                0x24007f60                HAL_PWR_EnableWakeUpPin
                0x24007f78                HAL_PWR_DisableWakeUpPin
                0x24007f8c                HAL_PWR_EnterSLEEPMode
                0x24007fa8                HAL_PWR_EnterSTOPMode
                0x24007ff4                HAL_PWR_EnterSTANDBYMode
                0x24008024                HAL_PWR_EnableSleepOnExit
                0x24008034                HAL_PWR_DisableSleepOnExit
                0x24008044                HAL_PWR_EnableSEVOnPend
                0x24008054                HAL_PWR_DisableSEVOnPend
                0x24008064                HAL_PWR_PVDCallback
                0x24008066                HAL_PWR_PVD_IRQHandler
 .text          0x24008088      0x5a4 ./Drivers/STM32H7xx_HAL_Driver/Src/stm32h7xx_hal_pwr_ex.o
                0x24008088                HAL_PWREx_ConfigSupply
                0x240080d0                HAL_PWREx_GetSupplyConfig
                0x240080e0                HAL_PWREx_ControlVoltageScaling
                0x24008194                HAL_PWREx_GetVoltageRange
                0x240081a4                HAL_PWREx_ControlStopModeVoltageScaling
                0x240081b8                HAL_PWREx_GetStopModeVoltageRange
                0x240081c8                HAL_PWREx_EnterSTOPMode
                0x2400821c                HAL_PWREx_ClearPendingEvent
                0x24008220                HAL_PWREx_EnterSTANDBYMode
                0x24008254                HAL_PWREx_ConfigD3Domain
                0x24008268                HAL_PWREx_EnableFlashPowerDown
                0x24008278                HAL_PWREx_DisableFlashPowerDown
                0x24008288                HAL_PWREx_EnableWakeUpPin
                0x2400830c                HAL_PWREx_DisableWakeUpPin
                0x2400831c                HAL_PWREx_GetWakeupFlag
                0x24008328                HAL_PWREx_ClearWakeupFlag
                0x24008340                HAL_PWREx_WKUP1_Callback
                0x24008342                HAL_PWREx_WKUP2_Callback
                0x24008344                HAL_PWREx_WKUP3_Callback
                0x24008346                HAL_PWREx_WKUP4_Callback
                0x24008348                HAL_PWREx_WKUP5_Callback
                0x2400834a                HAL_PWREx_WKUP6_Callback
                0x2400834c                HAL_PWREx_WAKEUP_PIN_IRQHandler
                0x240083c8                HAL_PWREx_EnableBkUpReg
                0x240083f8                HAL_PWREx_DisableBkUpReg
                0x24008428                HAL_PWREx_EnableUSBReg
                0x24008458                HAL_PWREx_DisableUSBReg
                0x24008488                HAL_PWREx_EnableUSBVoltageDetector
                0x24008498                HAL_PWREx_DisableUSBVoltageDetector
                0x240084a8                HAL_PWREx_EnableBatteryCharging
                0x240084c4                HAL_PWREx_DisableBatteryCharging
                0x240084d4                HAL_PWREx_EnableMonitoring
                0x240084e4                HAL_PWREx_DisableMonitoring
                0x240084f4                HAL_PWREx_GetTemperatureLevel
                0x24008514                HAL_PWREx_GetVBATLevel
                0x24008534                HAL_PWREx_ConfigAVD
                0x240085bc                HAL_PWREx_EnableAVD
                0x240085cc                HAL_PWREx_DisableAVD
                0x240085dc                HAL_PWREx_AVDCallback
                0x240085de                HAL_PWREx_PVD_AVD_IRQHandler
 .text          0x2400862c      0xda8 ./Drivers/STM32H7xx_HAL_Driver/Src/stm32h7xx_hal_qspi.o
                0x24008814                HAL_QSPI_Init
                0x240088ae                HAL_QSPI_DeInit
                0x240088d0                HAL_QSPI_Command
                0x2400895a                HAL_QSPI_Command_IT
                0x240089de                HAL_QSPI_Transmit
                0x24008a96                HAL_QSPI_Receive
                0x24008b56                HAL_QSPI_Transmit_IT
                0x24008bc0                HAL_QSPI_Receive_IT
                0x24008c34                HAL_QSPI_Transmit_DMA
                0x24008d3c                HAL_QSPI_Receive_DMA
                0x24008e58                HAL_QSPI_AutoPolling
                0x24008efa                HAL_QSPI_AutoPolling_IT
                0x24008f92                HAL_QSPI_MemoryMapped
                0x24009014                HAL_QSPI_ErrorCallback
                0x2400904c                HAL_QSPI_AbortCpltCallback
                0x2400904e                HAL_QSPI_CmdCpltCallback
                0x24009050                HAL_QSPI_RxCpltCallback
                0x24009052                HAL_QSPI_TxCpltCallback
                0x24009054                HAL_QSPI_FifoThresholdCallback
                0x24009056                HAL_QSPI_StatusMatchCallback
                0x24009058                HAL_QSPI_TimeOutCallback
                0x2400905a                HAL_QSPI_IRQHandler
                0x2400923c                HAL_QSPI_GetState
                0x24009242                HAL_QSPI_GetError
                0x24009246                HAL_QSPI_Abort
                0x240092c8                HAL_QSPI_Abort_IT
                0x2400934e                HAL_QSPI_SetTimeout
                0x24009352                HAL_QSPI_SetFifoThreshold
                0x2400938e                HAL_QSPI_GetFifoThreshold
                0x2400939a                HAL_QSPI_SetFlashID
 .text          0x240093d4      0xce0 ./Drivers/STM32H7xx_HAL_Driver/Src/stm32h7xx_hal_rcc.o
                0x240093d4                HAL_RCC_DeInit
                0x2400957c                HAL_RCC_OscConfig
                0x24009a80                HAL_RCC_MCOConfig
                0x24009b1c                HAL_RCC_EnableCSS
                0x24009b2c                HAL_RCC_DisableCSS
                0x24009b3c                HAL_RCC_GetSysClockFreq
                0x24009c80                HAL_RCC_ClockConfig
                0x24009ecc                HAL_RCC_GetHCLKFreq
                0x24009f10                HAL_RCC_GetPCLK1Freq
                0x24009f34                HAL_RCC_GetPCLK2Freq
                0x24009f58                HAL_RCC_GetOscConfig
                0x2400a044                HAL_RCC_GetClockConfig
                0x2400a098                HAL_RCC_CSSCallback
                0x2400a09a                HAL_RCC_NMI_IRQHandler
 .text          0x2400a0b4     0x14f4 ./Drivers/STM32H7xx_HAL_Driver/Src/stm32h7xx_hal_rcc_ex.o
                0x2400a294                HAL_RCCEx_PeriphCLKConfig
                0x2400ab80                HAL_RCCEx_GetPeriphCLKConfig
                0x2400ad14                HAL_RCCEx_GetD1PCLK1Freq
                0x2400ad38                HAL_RCCEx_GetD3PCLK1Freq
                0x2400ad5c                HAL_RCCEx_GetPLL2ClockFreq
                0x2400aeb0                HAL_RCCEx_GetPLL3ClockFreq
                0x2400b004                HAL_RCCEx_GetPLL1ClockFreq
                0x2400b158                HAL_RCCEx_GetPeriphCLKFreq
                0x2400b314                HAL_RCCEx_GetD1SysClockFreq
                0x2400b358                HAL_RCCEx_EnableLSECSS
                0x2400b368                HAL_RCCEx_DisableLSECSS
                0x2400b380                HAL_RCCEx_EnableLSECSS_IT
                0x2400b3b0                HAL_RCCEx_WakeUpStopCLKConfig
                0x2400b3c4                HAL_RCCEx_KerWakeUpStopCLKConfig
                0x2400b3d8                HAL_RCCEx_WWDGxSysResetConfig
                0x2400b3ec                HAL_RCCEx_CRSConfig
                0x2400b458                HAL_RCCEx_CRSSoftwareSynchronizationGenerate
                0x2400b468                HAL_RCCEx_CRSGetSynchronizationInfo
                0x2400b48c                HAL_RCCEx_CRSWaitSynchronization
                0x2400b510                HAL_RCCEx_CRS_SyncOkCallback
                0x2400b512                HAL_RCCEx_CRS_SyncWarnCallback
                0x2400b514                HAL_RCCEx_CRS_ExpectedSyncCallback
                0x2400b516                HAL_RCCEx_CRS_ErrorCallback
                0x2400b518                HAL_RCCEx_CRS_IRQHandler
                0x2400b58c                HAL_RCCEx_LSECSS_Callback
                0x2400b58e                HAL_RCCEx_LSECSS_IRQHandler
 .text          0x2400b5a8     0x21c0 ./Drivers/STM32H7xx_HAL_Driver/Src/stm32h7xx_hal_tim.o
                0x2400b7f0                HAL_TIM_Base_MspInit
                0x2400b7f2                HAL_TIM_Base_MspDeInit
                0x2400b7f4                HAL_TIM_Base_DeInit
                0x2400b82e                HAL_TIM_Base_Start
                0x2400b85c                HAL_TIM_Base_Stop
                0x2400b88a                HAL_TIM_Base_Start_IT
                0x2400b8b4                HAL_TIM_Base_Stop_IT
                0x2400b8de                HAL_TIM_Base_Start_DMA
                0x2400b954                HAL_TIM_Base_Stop_DMA
                0x2400b990                HAL_TIM_OC_MspInit
                0x2400b992                HAL_TIM_OC_MspDeInit
                0x2400b994                HAL_TIM_OC_DeInit
                0x2400b9ce                HAL_TIM_PWM_MspInit
                0x2400b9d0                HAL_TIM_PWM_MspDeInit
                0x2400b9d2                HAL_TIM_PWM_DeInit
                0x2400ba0c                HAL_TIM_IC_MspInit
                0x2400ba0e                HAL_TIM_IC_MspDeInit
                0x2400ba10                HAL_TIM_IC_DeInit
                0x2400ba4a                HAL_TIM_OnePulse_MspInit
                0x2400ba4c                HAL_TIM_OnePulse_MspDeInit
                0x2400ba4e                HAL_TIM_OnePulse_DeInit
                0x2400ba88                HAL_TIM_OnePulse_Start
                0x2400bae0                HAL_TIM_OnePulse_Stop
                0x2400bb60                HAL_TIM_OnePulse_Start_IT
                0x2400bbc8                HAL_TIM_OnePulse_Stop_IT
                0x2400bc58                HAL_TIM_Encoder_MspInit
                0x2400bc5a                HAL_TIM_Encoder_MspDeInit
                0x2400bc5c                HAL_TIM_Encoder_DeInit
                0x2400bc96                HAL_TIM_Encoder_Start
                0x2400bcda                HAL_TIM_Encoder_Stop
                0x2400bd22                HAL_TIM_Encoder_Start_IT
                0x2400bd90                HAL_TIM_Encoder_Stop_IT
                0x2400be04                HAL_TIM_Encoder_Start_DMA
                0x2400bf48                HAL_TIM_Encoder_Stop_DMA
                0x2400bfda                HAL_TIM_DMABurst_MultiWriteStart
                0x2400c0d4                HAL_TIM_DMABurst_WriteStart
                0x2400c0e8                HAL_TIM_DMABurst_WriteStop
                0x2400c14c                HAL_TIM_DMABurst_MultiReadStart
                0x2400c244                HAL_TIM_DMABurst_ReadStart
                0x2400c258                HAL_TIM_DMABurst_ReadStop
                0x2400c25c                HAL_TIM_GenerateEvent
                0x2400c27e                HAL_TIM_ConfigTI1Input
                0x2400c28e                HAL_TIM_ReadCapturedValue
                0x2400c2ba                HAL_TIM_PeriodElapsedCallback
                0x2400c2cc                HAL_TIM_PeriodElapsedHalfCpltCallback
                0x2400c2de                HAL_TIM_OC_DelayElapsedCallback
                0x2400c2e0                HAL_TIM_IC_CaptureCallback
                0x2400c2e2                TIM_DMACaptureCplt
                0x2400c31e                HAL_TIM_IC_CaptureHalfCpltCallback
                0x2400c320                TIM_DMACaptureHalfCplt
                0x2400c35c                HAL_TIM_PWM_PulseFinishedCallback
                0x2400c35e                TIM_DMADelayPulseCplt
                0x2400c39a                HAL_TIM_PWM_PulseFinishedHalfCpltCallback
                0x2400c39c                TIM_DMADelayPulseHalfCplt
                0x2400c3d8                HAL_TIM_TriggerCallback
                0x2400c3da                HAL_TIM_IRQHandler
                0x2400c54a                HAL_TIM_TriggerHalfCpltCallback
                0x2400c55c                HAL_TIM_ErrorCallback
                0x2400c55e                TIM_DMAError
                0x2400c56e                HAL_TIM_Base_GetState
                0x2400c574                HAL_TIM_OC_GetState
                0x2400c57a                HAL_TIM_PWM_GetState
                0x2400c580                HAL_TIM_IC_GetState
                0x2400c586                HAL_TIM_OnePulse_GetState
                0x2400c58c                HAL_TIM_Encoder_GetState
                0x2400c592                TIM_Base_SetConfig
                0x2400c65c                HAL_TIM_Base_Init
                0x2400c690                HAL_TIM_OC_Init
                0x2400c6c4                HAL_TIM_PWM_Init
                0x2400c6f8                HAL_TIM_IC_Init
                0x2400c72c                HAL_TIM_OnePulse_Init
                0x2400c772                HAL_TIM_Encoder_Init
                0x2400c806                TIM_OC2_SetConfig
                0x2400c890                HAL_TIM_OC_ConfigChannel
                0x2400c8f8                HAL_TIM_PWM_ConfigChannel
                0x2400c9f6                TIM_TI1_SetConfig
                0x2400ca6c                HAL_TIM_IC_ConfigChannel
                0x2400cb74                HAL_TIM_OnePulse_ConfigChannel
                0x2400cc8a                TIM_ETR_SetConfig
                0x2400cc9e                HAL_TIM_ConfigOCrefClear
                0x2400cd9e                HAL_TIM_ConfigClockSource
                0x2400cfac                HAL_TIM_SlaveConfigSynchro_IT
                0x2400cffa                HAL_TIM_SlaveConfigSynchro
                0x2400d048                TIM_CCxChannelCmd
                0x2400d064                HAL_TIM_OC_Start
                0x2400d0c0                HAL_TIM_PWM_Start
                0x2400d0c4                HAL_TIM_OC_Stop
                0x2400d134                HAL_TIM_OC_Start_IT
                0x2400d1c4                HAL_TIM_PWM_Start_IT
                0x2400d1c8                HAL_TIM_OC_Stop_IT
                0x2400d26c                HAL_TIM_PWM_Stop_IT
                0x2400d270                HAL_TIM_OC_Start_DMA
                0x2400d3a0                HAL_TIM_PWM_Start_DMA
                0x2400d3a4                HAL_TIM_OC_Stop_DMA
                0x2400d468                HAL_TIM_PWM_Stop_DMA
                0x2400d46c                HAL_TIM_PWM_Stop
                0x2400d4e4                HAL_TIM_IC_Start
                0x2400d510                HAL_TIM_IC_Stop
                0x2400d53a                HAL_TIM_IC_Start_IT
                0x2400d598                HAL_TIM_IC_Stop_IT
                0x2400d5f4                HAL_TIM_IC_Start_DMA
                0x2400d6ec                HAL_TIM_IC_Stop_DMA
 .text          0x2400d768      0x9d8 ./Drivers/STM32H7xx_HAL_Driver/Src/stm32h7xx_hal_tim_ex.o
                0x2400d784                HAL_TIMEx_HallSensor_MspInit
                0x2400d786                HAL_TIMEx_HallSensor_Init
                0x2400d83c                HAL_TIMEx_HallSensor_MspDeInit
                0x2400d83e                HAL_TIMEx_HallSensor_DeInit
                0x2400d878                HAL_TIMEx_HallSensor_Start
                0x2400d8a8                HAL_TIMEx_HallSensor_Stop
                0x2400d8d8                HAL_TIMEx_HallSensor_Start_IT
                0x2400d910                HAL_TIMEx_HallSensor_Stop_IT
                0x2400d948                HAL_TIMEx_HallSensor_Start_DMA
                0x2400d9cc                HAL_TIMEx_HallSensor_Stop_DMA
                0x2400da0c                HAL_TIMEx_OCN_Start
                0x2400da40                HAL_TIMEx_OCN_Stop
                0x2400da86                HAL_TIMEx_OCN_Start_IT
                0x2400dae4                HAL_TIMEx_OCN_Stop_IT
                0x2400db5e                HAL_TIMEx_OCN_Start_DMA
                0x2400dc38                HAL_TIMEx_OCN_Stop_DMA
                0x2400dcbc                HAL_TIMEx_PWMN_Start
                0x2400dcc0                HAL_TIMEx_PWMN_Stop
                0x2400dcc4                HAL_TIMEx_PWMN_Start_IT
                0x2400dcc8                HAL_TIMEx_PWMN_Stop_IT
                0x2400dccc                HAL_TIMEx_PWMN_Start_DMA
                0x2400dcd0                HAL_TIMEx_PWMN_Stop_DMA
                0x2400dcd4                HAL_TIMEx_OnePulseN_Start
                0x2400dcea                HAL_TIMEx_OnePulseN_Stop
                0x2400dcee                HAL_TIMEx_OnePulseN_Start_IT
                0x2400dd14                HAL_TIMEx_OnePulseN_Stop_IT
                0x2400dd6a                HAL_TIMEx_ConfigCommutEvent
                0x2400ddd2                HAL_TIMEx_ConfigCommutEvent_IT
                0x2400de3a                HAL_TIMEx_ConfigCommutEvent_DMA
                0x2400debc                HAL_TIMEx_MasterConfigSynchronization
                0x2400df48                HAL_TIMEx_ConfigBreakDeadTime
                0x2400dfcc                HAL_TIMEx_ConfigBreakInput
                0x2400e06c                HAL_TIMEx_RemapConfig
                0x2400e08e                HAL_TIMEx_TISelection
                0x2400e0e4                HAL_TIMEx_GroupChannel5
                0x2400e112                HAL_TIMEx_CommutCallback
                0x2400e114                TIMEx_DMACommutationCplt
                0x2400e124                HAL_TIMEx_CommutHalfCpltCallback
                0x2400e126                TIMEx_DMACommutationHalfCplt
                0x2400e136                HAL_TIMEx_BreakCallback
                0x2400e138                HAL_TIMEx_Break2Callback
                0x2400e13a                HAL_TIMEx_HallSensor_GetState
 .text          0x2400e140     0x2060 ./Drivers/STM32H7xx_HAL_Driver/Src/stm32h7xx_hal_uart.o
                0x2400e326                HAL_UART_DeInit
                0x2400e364                HAL_UART_Transmit_IT
                0x2400e410                HAL_UART_Transmit_DMA
                0x2400e494                HAL_UART_DMAPause
                0x2400e50e                HAL_UART_DMAResume
                0x2400e586                HAL_UART_DMAStop
                0x2400e622                HAL_UART_Abort
                0x2400e720                HAL_UART_AbortTransmit
                0x2400e7b0                HAL_UART_AbortReceive
                0x2400e85c                HAL_UART_TxCpltCallback
                0x2400e8a4                HAL_UART_TxHalfCpltCallback
                0x2400e8b0                HAL_UART_RxCpltCallback
                0x2400e8b2                HAL_UART_RxHalfCpltCallback
                0x2400e8b4                HAL_UART_ErrorCallback
                0x2400e912                HAL_UART_AbortCpltCallback
                0x2400e914                HAL_UART_Abort_IT
                0x2400eaca                HAL_UART_AbortTransmitCpltCallback
                0x2400eacc                HAL_UART_AbortTransmit_IT
                0x2400eb8c                HAL_UART_AbortReceiveCpltCallback
                0x2400eb8e                HAL_UART_AbortReceive_IT
                0x2400ec76                HAL_UARTEx_RxEventCallback
                0x2400ec78                HAL_UART_IRQHandler
                0x2400f54a                HAL_UART_ReceiverTimeout_Config
                0x2400f564                HAL_UART_EnableReceiverTimeout
                0x2400f5a4                HAL_UART_DisableReceiverTimeout
                0x2400f5e4                HAL_MultiProcessor_EnterMuteMode
                0x2400f5f0                HAL_HalfDuplex_EnableTransmitter
                0x2400f63c                HAL_HalfDuplex_EnableReceiver
                0x2400f688                HAL_LIN_SendBreak
                0x2400f6b4                HAL_UART_GetState
                0x2400f6c0                HAL_UART_GetError
                0x2400f6c6                UART_SetConfig
                0x2400f9d0                UART_AdvFeatureConfig
                0x2400fa7a                UART_WaitOnFlagUntilTimeout
                0x2400fb02                HAL_UART_Transmit
                0x2400fbac                HAL_UART_Receive
                0x2400fc84                UART_CheckIdleState
                0x2400fd3a                HAL_UART_Init
                0x2400fd9a                HAL_HalfDuplex_Init
                0x2400fe02                HAL_LIN_Init
                0x2400fe86                HAL_MultiProcessor_Init
                0x2400ff08                HAL_MultiProcessor_EnableMuteMode
                0x2400ff3c                HAL_MultiProcessor_DisableMuteMode
                0x2400ff70                UART_Start_Receive_IT
                0x24010078                HAL_UART_Receive_IT
                0x240100bc                UART_Start_Receive_DMA
                0x2401015c                HAL_UART_Receive_DMA
 .text          0x240101a0      0x48c ./Drivers/STM32H7xx_HAL_Driver/Src/stm32h7xx_hal_uart_ex.o
                0x240101e4                HAL_RS485Ex_Init
                0x24010262                HAL_UARTEx_WakeupCallback
                0x24010264                HAL_UARTEx_RxFifoFullCallback
                0x24010266                HAL_UARTEx_TxFifoEmptyCallback
                0x24010268                HAL_MultiProcessorEx_AddressLength_Set
                0x24010294                HAL_UARTEx_StopModeWakeUpSourceConfig
                0x24010320                HAL_UARTEx_EnableStopMode
                0x2401034c                HAL_UARTEx_DisableStopMode
                0x24010378                HAL_UARTEx_EnableFifoMode
                0x240103b8                HAL_UARTEx_DisableFifoMode
                0x240103ee                HAL_UARTEx_SetTxFifoThreshold
                0x2401042e                HAL_UARTEx_SetRxFifoThreshold
                0x2401046e                HAL_UARTEx_ReceiveToIdle
                0x24010594                HAL_UARTEx_ReceiveToIdle_IT
                0x240105de                HAL_UARTEx_ReceiveToIdle_DMA
                0x24010628                HAL_UARTEx_GetRxEventType
 .text          0x2401062c     0x15c8 ./Drivers/STM32H7xx_HAL_Driver/Src/stm32h7xx_hal_usart.o
                0x24010794                HAL_USART_MspInit
                0x24010796                HAL_USART_Init
                0x24010a60                HAL_USART_MspDeInit
                0x24010a62                HAL_USART_DeInit
                0x24010a8e                HAL_USART_Transmit
                0x24010b50                HAL_USART_Receive
                0x24010c5a                HAL_USART_TransmitReceive
                0x24010dba                HAL_USART_Transmit_IT
                0x24010e5c                HAL_USART_Receive_IT
                0x24010f70                HAL_USART_TransmitReceive_IT
                0x240110a8                HAL_USART_Transmit_DMA
                0x2401112c                HAL_USART_Receive_DMA
                0x24011204                HAL_USART_TransmitReceive_DMA
                0x240112f8                HAL_USART_DMAPause
                0x24011362                HAL_USART_DMAResume
                0x240113c6                HAL_USART_DMAStop
                0x2401141c                HAL_USART_Abort
                0x240114bc                HAL_USART_TxCpltCallback
                0x240114fa                HAL_USART_TxHalfCpltCallback
                0x24011506                HAL_USART_RxCpltCallback
                0x24011508                HAL_USART_RxHalfCpltCallback
                0x24011514                HAL_USART_TxRxCpltCallback
                0x240118b8                HAL_USART_ErrorCallback
                0x240118dc                HAL_USART_IRQHandler
                0x24011ad4                HAL_USART_AbortCpltCallback
                0x24011ad6                HAL_USART_Abort_IT
                0x24011be8                HAL_USART_GetState
                0x24011bee                HAL_USART_GetError
 .text          0x24011bf4      0x1ec ./Drivers/STM32H7xx_HAL_Driver/Src/stm32h7xx_hal_usart_ex.o
                0x24011c30                HAL_USARTEx_RxFifoFullCallback
                0x24011c32                HAL_USARTEx_TxFifoEmptyCallback
                0x24011c34                HAL_USARTEx_EnableSlaveMode
                0x24011c82                HAL_USARTEx_DisableSlaveMode
                0x24011cba                HAL_USARTEx_ConfigNSS
                0x24011cf2                HAL_USARTEx_EnableFifoMode
                0x24011d30                HAL_USARTEx_DisableFifoMode
                0x24011d64                HAL_USARTEx_SetTxFifoThreshold
                0x24011da2                HAL_USARTEx_SetRxFifoThreshold
 .text          0x24011de0        0x0 ./Src/Dev_Inf.o
 .text          0x24011de0      0x370 ./Src/Loader_Src.o
                0x24011de0                __io_putchar
                0x24011e04                HAL_InitTick
                0x24011e08                HAL_GetTick
                0x24011e0c                HAL_Delay
                0x24011e0e                SystemClock_Config
                0x24011ee8                Error_Handler
                0x24011eea                Read
                0x24011f02                Write
                0x24011f44                SectorErase
                0x24011f64                CheckSum
                0x2401203e                Verify
                0x24012104                Init
 .text          0x24012150      0x504 ./Src/qspi_IS25LP128D.o
                0x24012224                HAL_QSPI_MspInit
                0x24012334                HAL_QSPI_MspDeInit
                0x24012374                IS25LP128D_erase_sector
                0x240123ec                IS25LP128D_erase_chip
                0x24012440                IS25LP128D_program_page
                0x240124e0                IS25LP128D_read
                0x24012578                MX_QSPI_Init
 .text          0x24012654       0x24 ./Src/stm32h7xx_hal_msp.o
                0x24012654                HAL_MspInit
 .text          0x24012678       0x14 ./Src/stm32h7xx_it.o
                0x24012678                NMI_Handler
                0x2401267a                HardFault_Handler
                0x2401267c                MemManage_Handler
                0x2401267e                BusFault_Handler
                0x24012680                UsageFault_Handler
                0x24012682                SVC_Handler
                0x24012684                DebugMon_Handler
                0x24012686                PendSV_Handler
                0x24012688                SysTick_Handler
 .text          0x2401268c       0xf8 ./Src/syscalls.o
                0x2401268c                initialise_monitor_handles
                0x2401268e                _getpid
                0x24012692                _kill
                0x240126a2                _exit
                0x240126ae                _read
                0x240126e6                _close
                0x240126ec                _fstat
                0x240126f6                _isatty
                0x240126fa                _lseek
                0x240126fe                _open
                0x24012708                _wait
                0x24012718                _unlink
                0x24012728                _times
                0x2401272e                _stat
                0x24012738                _link
                0x24012748                _fork
                0x24012758                _execve
                0x24012768                _sbrk
 .text          0x24012784      0x1b8 ./Src/system_stm32h7xx.o
                0x24012784                SystemInit
                0x240127fc                SystemCoreClockUpdate
 .text          0x2401293c      0x150 ./Src/uart.o
                0x2401293c                HAL_UART_MspInit
                0x240129cc                HAL_UART_MspDeInit
                0x24012a08                _write
                0x24012a20                MX_USART1_Init
 .text          0x24012a8c       0x14 ./Startup/startup_stm32h743iitx.o
 .text          0x24012aa0        0x0 C:/ST/STM32CubeIDE_1.16.0/STM32CubeIDE/plugins/com.st.stm32cube.ide.mcu.externaltools.gnu-tools-for-stm32.12.3.rel1.win32_1.0.200.202406191623/tools/bin/../lib/gcc/arm-none-eabi/12.3.1/../../../../arm-none-eabi/lib/thumb/v7e-m+dp/hard\libc_nano.a(libc_a-printf.o)
 .text          0x24012aa0        0x0 C:/ST/STM32CubeIDE_1.16.0/STM32CubeIDE/plugins/com.st.stm32cube.ide.mcu.externaltools.gnu-tools-for-stm32.12.3.rel1.win32_1.0.200.202406191623/tools/bin/../lib/gcc/arm-none-eabi/12.3.1/../../../../arm-none-eabi/lib/thumb/v7e-m+dp/hard\libc_nano.a(libc_a-puts.o)
 .text          0x24012aa0        0x0 C:/ST/STM32CubeIDE_1.16.0/STM32CubeIDE/plugins/com.st.stm32cube.ide.mcu.externaltools.gnu-tools-for-stm32.12.3.rel1.win32_1.0.200.202406191623/tools/bin/../lib/gcc/arm-none-eabi/12.3.1/../../../../arm-none-eabi/lib/thumb/v7e-m+dp/hard\libc_nano.a(libc_a-wbuf.o)
 .text          0x24012aa0        0x0 C:/ST/STM32CubeIDE_1.16.0/STM32CubeIDE/plugins/com.st.stm32cube.ide.mcu.externaltools.gnu-tools-for-stm32.12.3.rel1.win32_1.0.200.202406191623/tools/bin/../lib/gcc/arm-none-eabi/12.3.1/../../../../arm-none-eabi/lib/thumb/v7e-m+dp/hard\libc_nano.a(libc_a-wsetup.o)
 .text          0x24012aa0        0x0 C:/ST/STM32CubeIDE_1.16.0/STM32CubeIDE/plugins/com.st.stm32cube.ide.mcu.externaltools.gnu-tools-for-stm32.12.3.rel1.win32_1.0.200.202406191623/tools/bin/../lib/gcc/arm-none-eabi/12.3.1/../../../../arm-none-eabi/lib/thumb/v7e-m+dp/hard\libc_nano.a(libc_a-memset.o)
 .text          0x24012aa0        0x0 C:/ST/STM32CubeIDE_1.16.0/STM32CubeIDE/plugins/com.st.stm32cube.ide.mcu.externaltools.gnu-tools-for-stm32.12.3.rel1.win32_1.0.200.202406191623/tools/bin/../lib/gcc/arm-none-eabi/12.3.1/../../../../arm-none-eabi/lib/thumb/v7e-m+dp/hard\libc_nano.a(libc_a-impure.o)
 .text          0x24012aa0        0x0 C:/ST/STM32CubeIDE_1.16.0/STM32CubeIDE/plugins/com.st.stm32cube.ide.mcu.externaltools.gnu-tools-for-stm32.12.3.rel1.win32_1.0.200.202406191623/tools/bin/../lib/gcc/arm-none-eabi/12.3.1/../../../../arm-none-eabi/lib/thumb/v7e-m+dp/hard\libc_nano.a(libc_a-errno.o)
 .text          0x24012aa0        0x0 C:/ST/STM32CubeIDE_1.16.0/STM32CubeIDE/plugins/com.st.stm32cube.ide.mcu.externaltools.gnu-tools-for-stm32.12.3.rel1.win32_1.0.200.202406191623/tools/bin/../lib/gcc/arm-none-eabi/12.3.1/../../../../arm-none-eabi/lib/thumb/v7e-m+dp/hard\libc_nano.a(libc_a-init.o)
 .text          0x24012aa0        0x0 C:/ST/STM32CubeIDE_1.16.0/STM32CubeIDE/plugins/com.st.stm32cube.ide.mcu.externaltools.gnu-tools-for-stm32.12.3.rel1.win32_1.0.200.202406191623/tools/bin/../lib/gcc/arm-none-eabi/12.3.1/../../../../arm-none-eabi/lib/thumb/v7e-m+dp/hard\libc_nano.a(libc_a-lock.o)
 .text          0x24012aa0        0x0 C:/ST/STM32CubeIDE_1.16.0/STM32CubeIDE/plugins/com.st.stm32cube.ide.mcu.externaltools.gnu-tools-for-stm32.12.3.rel1.win32_1.0.200.202406191623/tools/bin/../lib/gcc/arm-none-eabi/12.3.1/../../../../arm-none-eabi/lib/thumb/v7e-m+dp/hard\libc_nano.a(libc_a-freer.o)
 .text          0x24012aa0        0x0 C:/ST/STM32CubeIDE_1.16.0/STM32CubeIDE/plugins/com.st.stm32cube.ide.mcu.externaltools.gnu-tools-for-stm32.12.3.rel1.win32_1.0.200.202406191623/tools/bin/../lib/gcc/arm-none-eabi/12.3.1/../../../../arm-none-eabi/lib/thumb/v7e-m+dp/hard\libc_nano.a(libc_a-mallocr.o)
 .text          0x24012aa0        0x0 C:/ST/STM32CubeIDE_1.16.0/STM32CubeIDE/plugins/com.st.stm32cube.ide.mcu.externaltools.gnu-tools-for-stm32.12.3.rel1.win32_1.0.200.202406191623/tools/bin/../lib/gcc/arm-none-eabi/12.3.1/../../../../arm-none-eabi/lib/thumb/v7e-m+dp/hard\libc_nano.a(libc_a-mlock.o)
 .text          0x24012aa0        0x0 C:/ST/STM32CubeIDE_1.16.0/STM32CubeIDE/plugins/com.st.stm32cube.ide.mcu.externaltools.gnu-tools-for-stm32.12.3.rel1.win32_1.0.200.202406191623/tools/bin/../lib/gcc/arm-none-eabi/12.3.1/../../../../arm-none-eabi/lib/thumb/v7e-m+dp/hard\libc_nano.a(libc_a-nano-vfprintf.o)
 .text          0x24012aa0        0x0 C:/ST/STM32CubeIDE_1.16.0/STM32CubeIDE/plugins/com.st.stm32cube.ide.mcu.externaltools.gnu-tools-for-stm32.12.3.rel1.win32_1.0.200.202406191623/tools/bin/../lib/gcc/arm-none-eabi/12.3.1/../../../../arm-none-eabi/lib/thumb/v7e-m+dp/hard\libc_nano.a(libc_a-nano-vfprintf_i.o)
 .text          0x24012aa0        0x0 C:/ST/STM32CubeIDE_1.16.0/STM32CubeIDE/plugins/com.st.stm32cube.ide.mcu.externaltools.gnu-tools-for-stm32.12.3.rel1.win32_1.0.200.202406191623/tools/bin/../lib/gcc/arm-none-eabi/12.3.1/../../../../arm-none-eabi/lib/thumb/v7e-m+dp/hard\libc_nano.a(libc_a-fflush.o)
 .text          0x24012aa0        0x0 C:/ST/STM32CubeIDE_1.16.0/STM32CubeIDE/plugins/com.st.stm32cube.ide.mcu.externaltools.gnu-tools-for-stm32.12.3.rel1.win32_1.0.200.202406191623/tools/bin/../lib/gcc/arm-none-eabi/12.3.1/../../../../arm-none-eabi/lib/thumb/v7e-m+dp/hard\libc_nano.a(libc_a-findfp.o)
 .text          0x24012aa0        0x0 C:/ST/STM32CubeIDE_1.16.0/STM32CubeIDE/plugins/com.st.stm32cube.ide.mcu.externaltools.gnu-tools-for-stm32.12.3.rel1.win32_1.0.200.202406191623/tools/bin/../lib/gcc/arm-none-eabi/12.3.1/../../../../arm-none-eabi/lib/thumb/v7e-m+dp/hard\libc_nano.a(libc_a-fvwrite.o)
 .text          0x24012aa0        0x0 C:/ST/STM32CubeIDE_1.16.0/STM32CubeIDE/plugins/com.st.stm32cube.ide.mcu.externaltools.gnu-tools-for-stm32.12.3.rel1.win32_1.0.200.202406191623/tools/bin/../lib/gcc/arm-none-eabi/12.3.1/../../../../arm-none-eabi/lib/thumb/v7e-m+dp/hard\libc_nano.a(libc_a-fwalk.o)
 .text          0x24012aa0        0x0 C:/ST/STM32CubeIDE_1.16.0/STM32CubeIDE/plugins/com.st.stm32cube.ide.mcu.externaltools.gnu-tools-for-stm32.12.3.rel1.win32_1.0.200.202406191623/tools/bin/../lib/gcc/arm-none-eabi/12.3.1/../../../../arm-none-eabi/lib/thumb/v7e-m+dp/hard\libc_nano.a(libc_a-makebuf.o)
 .text          0x24012aa0        0x0 C:/ST/STM32CubeIDE_1.16.0/STM32CubeIDE/plugins/com.st.stm32cube.ide.mcu.externaltools.gnu-tools-for-stm32.12.3.rel1.win32_1.0.200.202406191623/tools/bin/../lib/gcc/arm-none-eabi/12.3.1/../../../../arm-none-eabi/lib/thumb/v7e-m+dp/hard\libc_nano.a(libc_a-stdio.o)
 .text          0x24012aa0        0x0 C:/ST/STM32CubeIDE_1.16.0/STM32CubeIDE/plugins/com.st.stm32cube.ide.mcu.externaltools.gnu-tools-for-stm32.12.3.rel1.win32_1.0.200.202406191623/tools/bin/../lib/gcc/arm-none-eabi/12.3.1/../../../../arm-none-eabi/lib/thumb/v7e-m+dp/hard\libc_nano.a(libc_a-memmove.o)
 .text          0x24012aa0        0x0 C:/ST/STM32CubeIDE_1.16.0/STM32CubeIDE/plugins/com.st.stm32cube.ide.mcu.externaltools.gnu-tools-for-stm32.12.3.rel1.win32_1.0.200.202406191623/tools/bin/../lib/gcc/arm-none-eabi/12.3.1/../../../../arm-none-eabi/lib/thumb/v7e-m+dp/hard\libc_nano.a(libc_a-closer.o)
 .text          0x24012aa0        0x0 C:/ST/STM32CubeIDE_1.16.0/STM32CubeIDE/plugins/com.st.stm32cube.ide.mcu.externaltools.gnu-tools-for-stm32.12.3.rel1.win32_1.0.200.202406191623/tools/bin/../lib/gcc/arm-none-eabi/12.3.1/../../../../arm-none-eabi/lib/thumb/v7e-m+dp/hard\libc_nano.a(libc_a-reent.o)
 .text          0x24012aa0        0x0 C:/ST/STM32CubeIDE_1.16.0/STM32CubeIDE/plugins/com.st.stm32cube.ide.mcu.externaltools.gnu-tools-for-stm32.12.3.rel1.win32_1.0.200.202406191623/tools/bin/../lib/gcc/arm-none-eabi/12.3.1/../../../../arm-none-eabi/lib/thumb/v7e-m+dp/hard\libc_nano.a(libc_a-fstatr.o)
 .text          0x24012aa0        0x0 C:/ST/STM32CubeIDE_1.16.0/STM32CubeIDE/plugins/com.st.stm32cube.ide.mcu.externaltools.gnu-tools-for-stm32.12.3.rel1.win32_1.0.200.202406191623/tools/bin/../lib/gcc/arm-none-eabi/12.3.1/../../../../arm-none-eabi/lib/thumb/v7e-m+dp/hard\libc_nano.a(libc_a-isattyr.o)
 .text          0x24012aa0        0x0 C:/ST/STM32CubeIDE_1.16.0/STM32CubeIDE/plugins/com.st.stm32cube.ide.mcu.externaltools.gnu-tools-for-stm32.12.3.rel1.win32_1.0.200.202406191623/tools/bin/../lib/gcc/arm-none-eabi/12.3.1/../../../../arm-none-eabi/lib/thumb/v7e-m+dp/hard\libc_nano.a(libc_a-lseekr.o)
 .text          0x24012aa0        0x0 C:/ST/STM32CubeIDE_1.16.0/STM32CubeIDE/plugins/com.st.stm32cube.ide.mcu.externaltools.gnu-tools-for-stm32.12.3.rel1.win32_1.0.200.202406191623/tools/bin/../lib/gcc/arm-none-eabi/12.3.1/../../../../arm-none-eabi/lib/thumb/v7e-m+dp/hard\libc_nano.a(libc_a-readr.o)
 .text          0x24012aa0        0x0 C:/ST/STM32CubeIDE_1.16.0/STM32CubeIDE/plugins/com.st.stm32cube.ide.mcu.externaltools.gnu-tools-for-stm32.12.3.rel1.win32_1.0.200.202406191623/tools/bin/../lib/gcc/arm-none-eabi/12.3.1/../../../../arm-none-eabi/lib/thumb/v7e-m+dp/hard\libc_nano.a(libc_a-sbrkr.o)
 .text          0x24012aa0        0x0 C:/ST/STM32CubeIDE_1.16.0/STM32CubeIDE/plugins/com.st.stm32cube.ide.mcu.externaltools.gnu-tools-for-stm32.12.3.rel1.win32_1.0.200.202406191623/tools/bin/../lib/gcc/arm-none-eabi/12.3.1/../../../../arm-none-eabi/lib/thumb/v7e-m+dp/hard\libc_nano.a(libc_a-writer.o)
 .text          0x24012aa0       0xa0 C:/ST/STM32CubeIDE_1.16.0/STM32CubeIDE/plugins/com.st.stm32cube.ide.mcu.externaltools.gnu-tools-for-stm32.12.3.rel1.win32_1.0.200.202406191623/tools/bin/../lib/gcc/arm-none-eabi/12.3.1/../../../../arm-none-eabi/lib/thumb/v7e-m+dp/hard\libc_nano.a(libc_a-memchr.o)
                0x24012aa0                memchr
 .text          0x24012b40        0x0 C:/ST/STM32CubeIDE_1.16.0/STM32CubeIDE/plugins/com.st.stm32cube.ide.mcu.externaltools.gnu-tools-for-stm32.12.3.rel1.win32_1.0.200.202406191623/tools/bin/../lib/gcc/arm-none-eabi/12.3.1/../../../../arm-none-eabi/lib/thumb/v7e-m+dp/hard\libc_nano.a(libc_a-memcpy-stub.o)
 .text          0x24012b40        0x0 C:/ST/STM32CubeIDE_1.16.0/STM32CubeIDE/plugins/com.st.stm32cube.ide.mcu.externaltools.gnu-tools-for-stm32.12.3.rel1.win32_1.0.200.202406191623/tools/bin/../lib/gcc/arm-none-eabi/12.3.1/../../../../arm-none-eabi/lib/thumb/v7e-m+dp/hard\libc_nano.a(libc_a-reallocr.o)
 .text          0x24012b40        0x0 C:/ST/STM32CubeIDE_1.16.0/STM32CubeIDE/plugins/com.st.stm32cube.ide.mcu.externaltools.gnu-tools-for-stm32.12.3.rel1.win32_1.0.200.202406191623/tools/bin/../lib/gcc/arm-none-eabi/12.3.1/../../../../arm-none-eabi/lib/thumb/v7e-m+dp/hard\libc_nano.a(libc_a-msizer.o)
 *(.text*)
 .text.Reset_Handler
                0x24012b40       0x50 ./Startup/startup_stm32h743iitx.o
                0x24012b40                Reset_Handler
 .text.Default_Handler
                0x24012b90        0x2 ./Startup/startup_stm32h743iitx.o
                0x24012b90                RTC_Alarm_IRQHandler
                0x24012b90                EXTI2_IRQHandler
                0x24012b90                TIM8_CC_IRQHandler
                0x24012b90                HRTIM1_Master_IRQHandler
                0x24012b90                UART8_IRQHandler
                0x24012b90                SPI4_IRQHandler
                0x24012b90                TIM1_CC_IRQHandler
                0x24012b90                BDMA_Channel6_IRQHandler
                0x24012b90                DMA2_Stream5_IRQHandler
                0x24012b90                HRTIM1_FLT_IRQHandler
                0x24012b90                JPEG_IRQHandler
                0x24012b90                DMA1_Stream5_IRQHandler
                0x24012b90                BDMA_Channel1_IRQHandler
                0x24012b90                HRTIM1_TIMD_IRQHandler
                0x24012b90                TAMP_STAMP_IRQHandler
                0x24012b90                EXTI3_IRQHandler
                0x24012b90                LPTIM4_IRQHandler
                0x24012b90                TIM8_TRG_COM_TIM14_IRQHandler
                0x24012b90                LPTIM2_IRQHandler
                0x24012b90                DFSDM1_FLT1_IRQHandler
                0x24012b90                DMAMUX2_OVR_IRQHandler
                0x24012b90                TIM8_UP_TIM13_IRQHandler
                0x24012b90                I2C3_ER_IRQHandler
                0x24012b90                DFSDM1_FLT2_IRQHandler
                0x24012b90                MDMA_IRQHandler
                0x24012b90                LPTIM3_IRQHandler
                0x24012b90                HSEM1_IRQHandler
                0x24012b90                EXTI0_IRQHandler
                0x24012b90                I2C2_EV_IRQHandler
                0x24012b90                DMA1_Stream2_IRQHandler
                0x24012b90                FPU_IRQHandler
                0x24012b90                OTG_HS_WKUP_IRQHandler
                0x24012b90                FDCAN1_IT1_IRQHandler
                0x24012b90                LTDC_ER_IRQHandler
                0x24012b90                DMA2_Stream2_IRQHandler
                0x24012b90                HRTIM1_TIME_IRQHandler
                0x24012b90                SPI1_IRQHandler
                0x24012b90                TIM6_DAC_IRQHandler
                0x24012b90                DCMI_IRQHandler
                0x24012b90                HRTIM1_TIMC_IRQHandler