../Src/Loader_Src.c:55:5:__io_putchar	0	static,ignoring_inline_asm
../Src/Loader_Src.c:62:19:HAL_InitTick	0	static
../Src/Loader_Src.c:67:10:HAL_GetTick	0	static
../Src/Loader_Src.c:72:6:HAL_Delay	0	static
../Src/Loader_Src.c:79:6:SystemClock_Config	136	static
../Src/Loader_Src.c:133:6:Error_Handler	0	static
../Src/Loader_Src.c:142:5:Read	8	static
../Src/Loader_Src.c:152:5:Write	24	static
../Src/Loader_Src.c:178:5:SectorErase	16	static
../Src/Loader_Src.c:212:10:CheckSum	40	static
../Src/Loader_Src.c:288:10:Verify	40	static
../Src/Loader_Src.c:340:5:Init	8	static
