../Src/qspi_IS25LP128D.c:249:13:check_WIP	24	static
../Src/qspi_IS25LP128D.c:103:13:write_enable	8	static
../Src/qspi_IS25LP128D.c:11:6:HAL_QSPI_MspInit	248	static
../Src/qspi_IS25LP128D.c:74:6:HAL_QSPI_MspDeInit	8	static
../Src/qspi_IS25LP128D.c:260:10:IS25LP128D_erase_sector	8	static
../Src/qspi_IS25LP128D.c:287:10:IS25LP128D_erase_chip	8	static
../Src/qspi_IS25LP128D.c:307:10:IS25LP128D_program_page	24	static
../Src/qspi_IS25LP128D.c:339:10:IS25LP128D_read	16	static
../Src/qspi_IS25LP128D.c:418:6:MX_QSPI_Init	8	static
